Archive member included to satisfy reference by file (symbol)

c:/MaximSDK/Libraries/PeriphDrivers/bin/MAX78000/softfp/libPeriphDriver_softfp.a(mxc_delay.o)
                              c:/MaximSDK/Eclipse/Add_2/build/main.o (MXC_Delay)
c:/MaximSDK/Libraries/PeriphDrivers/bin/MAX78000/softfp/libPeriphDriver_softfp.a(pins_ai85.o)
                              c:/MaximSDK/Eclipse/Add_2/build/camera.o (gpio_cfg_pcif_xclk)
c:/MaximSDK/Libraries/PeriphDrivers/bin/MAX78000/softfp/libPeriphDriver_softfp.a(sys_ai85.o)
                              c:/MaximSDK/Eclipse/Add_2/build/board.o (MXC_SYS_ClockEnable)
c:/MaximSDK/Libraries/PeriphDrivers/bin/MAX78000/softfp/libPeriphDriver_softfp.a(nvic_table.o)
                              c:/MaximSDK/Eclipse/Add_2/build/main.o (NVIC_SetVector)
c:/MaximSDK/Libraries/PeriphDrivers/bin/MAX78000/softfp/libPeriphDriver_softfp.a(aes_me17.o)
                              c:/MaximSDK/Libraries/PeriphDrivers/bin/MAX78000/softfp/libPeriphDriver_softfp.a(sys_ai85.o) (MXC_AES_Init)
c:/MaximSDK/Libraries/PeriphDrivers/bin/MAX78000/softfp/libPeriphDriver_softfp.a(aes_revb.o)
                              c:/MaximSDK/Libraries/PeriphDrivers/bin/MAX78000/softfp/libPeriphDriver_softfp.a(aes_me17.o) (MXC_AES_RevB_IsBusy)
c:/MaximSDK/Libraries/PeriphDrivers/bin/MAX78000/softfp/libPeriphDriver_softfp.a(cameraif_ai85.o)
                              c:/MaximSDK/Eclipse/Add_2/build/camera.o (MXC_PCIF_Init)
c:/MaximSDK/Libraries/PeriphDrivers/bin/MAX78000/softfp/libPeriphDriver_softfp.a(cameraif_reva.o)
                              c:/MaximSDK/Libraries/PeriphDrivers/bin/MAX78000/softfp/libPeriphDriver_softfp.a(cameraif_ai85.o) (MXC_PCIF_RevA_SetDatawidth)
c:/MaximSDK/Libraries/PeriphDrivers/bin/MAX78000/softfp/libPeriphDriver_softfp.a(dma_me17.o)
                              c:/MaximSDK/Libraries/PeriphDrivers/bin/MAX78000/softfp/libPeriphDriver_softfp.a(aes_revb.o) (MXC_DMA_Init)
c:/MaximSDK/Libraries/PeriphDrivers/bin/MAX78000/softfp/libPeriphDriver_softfp.a(dma_reva.o)
                              c:/MaximSDK/Libraries/PeriphDrivers/bin/MAX78000/softfp/libPeriphDriver_softfp.a(dma_me17.o) (MXC_DMA_RevA_Init)
c:/MaximSDK/Libraries/PeriphDrivers/bin/MAX78000/softfp/libPeriphDriver_softfp.a(flc_me17.o)
                              c:/MaximSDK/Libraries/PeriphDrivers/bin/MAX78000/softfp/libPeriphDriver_softfp.a(sys_ai85.o) (MXC_FLC_UnlockInfoBlock)
c:/MaximSDK/Libraries/PeriphDrivers/bin/MAX78000/softfp/libPeriphDriver_softfp.a(flc_revb.o)
                              c:/MaximSDK/Libraries/PeriphDrivers/bin/MAX78000/softfp/libPeriphDriver_softfp.a(flc_me17.o) (MXC_FLC_RevB_Busy)
c:/MaximSDK/Libraries/PeriphDrivers/bin/MAX78000/softfp/libPeriphDriver_softfp.a(gpio_ai85.o)
                              c:/MaximSDK/Eclipse/Add_2/build/led.o (MXC_GPIO_Config)
c:/MaximSDK/Libraries/PeriphDrivers/bin/MAX78000/softfp/libPeriphDriver_softfp.a(gpio_reva.o)
                              c:/MaximSDK/Libraries/PeriphDrivers/bin/MAX78000/softfp/libPeriphDriver_softfp.a(gpio_ai85.o) (MXC_GPIO_RevA_InGet)
c:/MaximSDK/Libraries/PeriphDrivers/bin/MAX78000/softfp/libPeriphDriver_softfp.a(icc_me17.o)
                              c:/MaximSDK/Eclipse/Add_2/build/system_max78000.o (MXC_ICC_Enable)
c:/MaximSDK/Libraries/PeriphDrivers/bin/MAX78000/softfp/libPeriphDriver_softfp.a(icc_reva.o)
                              c:/MaximSDK/Libraries/PeriphDrivers/bin/MAX78000/softfp/libPeriphDriver_softfp.a(icc_me17.o) (MXC_ICC_RevA_ID)
c:/MaximSDK/Libraries/PeriphDrivers/bin/MAX78000/softfp/libPeriphDriver_softfp.a(pt_me17.o)
                              c:/MaximSDK/Eclipse/Add_2/build/camera.o (MXC_PT_Init)
c:/MaximSDK/Libraries/PeriphDrivers/bin/MAX78000/softfp/libPeriphDriver_softfp.a(pt_reva.o)
                              c:/MaximSDK/Libraries/PeriphDrivers/bin/MAX78000/softfp/libPeriphDriver_softfp.a(pt_me17.o) (MXC_PT_RevA_Init)
c:/MaximSDK/Libraries/PeriphDrivers/bin/MAX78000/softfp/libPeriphDriver_softfp.a(spi_me17.o)
                              c:/MaximSDK/Eclipse/Add_2/build/tft.o (MXC_SPI_Init)
c:/MaximSDK/Libraries/PeriphDrivers/bin/MAX78000/softfp/libPeriphDriver_softfp.a(spi_reva.o)
                              c:/MaximSDK/Libraries/PeriphDrivers/bin/MAX78000/softfp/libPeriphDriver_softfp.a(spi_me17.o) (MXC_SPI_RevA_Init)
c:/MaximSDK/Libraries/PeriphDrivers/bin/MAX78000/softfp/libPeriphDriver_softfp.a(trng_revb.o)
                              c:/MaximSDK/Libraries/PeriphDrivers/bin/MAX78000/softfp/libPeriphDriver_softfp.a(aes_me17.o) (MXC_TRNG_RevB_GenerateKey)
c:/MaximSDK/Libraries/PeriphDrivers/bin/MAX78000/softfp/libPeriphDriver_softfp.a(uart_ai85.o)
                              c:/MaximSDK/Eclipse/Add_2/build/board.o (MXC_UART_Shutdown)
c:/MaximSDK/Libraries/PeriphDrivers/bin/MAX78000/softfp/libPeriphDriver_softfp.a(uart_common.o)
                              c:/MaximSDK/Libraries/PeriphDrivers/bin/MAX78000/softfp/libPeriphDriver_softfp.a(uart_ai85.o) (MXC_UART_Common_ReadCharacter)
[...]
Memory Configuration

Name             Origin             Length             Attributes
ROM              0x00000000         0x00010000         xr
FLASH            0x10000000         0x00080000         xr
SRAM             0x20000000         0x00020000         xrw
*default*        0x00000000         0xffffffff

Linker script and memory map

LOAD c:/maximsdk/tools/gnutools/bin/../lib/gcc/arm-none-eabi/9.2.1/thumb/v7e-m+fp/softfp/crti.o
LOAD c:/maximsdk/tools/gnutools/bin/../lib/gcc/arm-none-eabi/9.2.1/thumb/v7e-m+fp/softfp/crtbegin.o
LOAD c:/maximsdk/tools/gnutools/bin/../lib/gcc/arm-none-eabi/9.2.1/../../../../arm-none-eabi/lib/thumb/v7e-m+fp/softfp/crt0.o
LOAD c:/MaximSDK/Eclipse/Add_2/build/main.o
LOAD c:/MaximSDK/Eclipse/Add_2/build/board.o
LOAD c:/MaximSDK/Eclipse/Add_2/build/stdio.o
LOAD c:/MaximSDK/Eclipse/Add_2/build/led.o
LOAD c:/MaximSDK/Eclipse/Add_2/build/pb.o
LOAD c:/MaximSDK/Eclipse/Add_2/build/tft.o
LOAD c:/MaximSDK/Eclipse/Add_2/build/touchscreen.o
LOAD c:/MaximSDK/Eclipse/Add_2/build/camera.o
LOAD c:/MaximSDK/Eclipse/Add_2/build/ov7692.o
LOAD c:/MaximSDK/Eclipse/Add_2/build/sccb.o
LOAD c:/MaximSDK/Eclipse/Add_2/build/startup_max78000.o
LOAD c:/MaximSDK/Eclipse/Add_2/build/heap.o
LOAD c:/MaximSDK/Eclipse/Add_2/build/system_max78000.o
START GROUP
LOAD c:/MaximSDK/Libraries/PeriphDrivers/bin/MAX78000/softfp/libPeriphDriver_softfp.a
LOAD c:/maximsdk/tools/gnutools/bin/../lib/gcc/arm-none-eabi/9.2.1/../../../../arm-none-eabi/lib/thumb/v7e-m+fp/softfp\libc.a
LOAD c:/maximsdk/tools/gnutools/bin/../lib/gcc/arm-none-eabi/9.2.1/../../../../arm-none-eabi/lib/thumb/v7e-m+fp/softfp\libm.a
LOAD c:/maximsdk/tools/gnutools/bin/../lib/gcc/arm-none-eabi/9.2.1/../../../../arm-none-eabi/lib/thumb/v7e-m+fp/softfp\libnosys.a
END GROUP
START GROUP
LOAD c:/maximsdk/tools/gnutools/bin/../lib/gcc/arm-none-eabi/9.2.1/thumb/v7e-m+fp/softfp\libgcc.a
LOAD c:/maximsdk/tools/gnutools/bin/../lib/gcc/arm-none-eabi/9.2.1/../../../../arm-none-eabi/lib/thumb/v7e-m+fp/softfp\libc.a
END GROUP
LOAD c:/maximsdk/tools/gnutools/bin/../lib/gcc/arm-none-eabi/9.2.1/thumb/v7e-m+fp/softfp/crtend.o
LOAD c:/maximsdk/tools/gnutools/bin/../lib/gcc/arm-none-eabi/9.2.1/thumb/v7e-m+fp/softfp/crtn.o

.rom
 *(.rom_vector)
 *(.rom_handlers*)

.text           0x10000000     0x7f3c
                0x10000000                _text = .
 *(.isr_vector)
 .isr_vector    0x10000000      0x1e0 c:/MaximSDK/Eclipse/Add_2/build/startup_max78000.o
                0x10000000                __isr_vector
 *(.text*)
 .text          0x100001e0       0x40 c:/maximsdk/tools/gnutools/bin/../lib/gcc/arm-none-eabi/9.2.1/thumb/v7e-m+fp/softfp/crtbegin.o
 .text.readCallback
                0x10000220        0xc c:/MaximSDK/Eclipse/Add_2/build/main.o
                0x10000220                readCallback
 .text.UART_Handler
                0x1000022c        0xc c:/MaximSDK/Eclipse/Add_2/build/main.o
                0x1000022c                UART_Handler
 .text.uart_read_enable_interrupts
                0x10000238       0x24 c:/MaximSDK/Eclipse/Add_2/build/main.o
 .text.startup.main
                0x1000025c       0xdc c:/MaximSDK/Eclipse/Add_2/build/main.o
                0x1000025c                main
 .text.mxc_assert
                0x10000338       0x10 c:/MaximSDK/Eclipse/Add_2/build/board.o
                0x10000338                mxc_assert
 .text.Console_Init
                0x10000348       0x14 c:/MaximSDK/Eclipse/Add_2/build/board.o
                0x10000348                Console_Init
 .text.Board_Init
                0x1000035c       0x5c c:/MaximSDK/Eclipse/Add_2/build/board.o
                0x1000035c                Board_Init
 .text.NMI_Handler
                0x100003b8        0x4 c:/MaximSDK/Eclipse/Add_2/build/board.o
                0x100003b8                NMI_Handler
 .text._close   0x100003bc        0x6 c:/MaximSDK/Eclipse/Add_2/build/stdio.o
                0x100003bc                _close
 .text._isatty  0x100003c2        0x6 c:/MaximSDK/Eclipse/Add_2/build/stdio.o
                0x100003c2                _isatty
 .text._lseek   0x100003c8        0x6 c:/MaximSDK/Eclipse/Add_2/build/stdio.o
                0x100003c8                _lseek
 .text._fstat   0x100003ce        0x6 c:/MaximSDK/Eclipse/Add_2/build/stdio.o
                0x100003ce                _fstat
 .text._read    0x100003d4       0x50 c:/MaximSDK/Eclipse/Add_2/build/stdio.o
                0x100003d4                _read
 .text._write   0x10000424       0x48 c:/MaximSDK/Eclipse/Add_2/build/stdio.o
                0x10000424                _write
 .text.LED_On   0x1000046c       0x3c c:/MaximSDK/Eclipse/Add_2/build/led.o
                0x1000046c                LED_On
 .text.LED_Off  0x100004a8       0x3c c:/MaximSDK/Eclipse/Add_2/build/led.o
                0x100004a8                LED_Off
 .text.LED_Init
                0x100004e4       0x40 c:/MaximSDK/Eclipse/Add_2/build/led.o
                0x100004e4                LED_Init
 .text.PB_Init  0x10000524       0x38 c:/MaximSDK/Eclipse/Add_2/build/pb.o
                0x10000524                PB_Init
 .text.GPIO0_IRQHandler
                0x1000055c        0x6 c:/MaximSDK/Eclipse/Add_2/build/pb.o
                0x1000055c                GPIO0_IRQHandler
 .text.GPIO1_IRQHandler
                0x10000562        0x6 c:/MaximSDK/Eclipse/Add_2/build/pb.o
                0x10000562                GPIO1_IRQHandler
 .text.GPIO2_IRQHandler
                0x10000568        0x6 c:/MaximSDK/Eclipse/Add_2/build/pb.o
                0x10000568                GPIO2_IRQHandler
 *fill*         0x1000056e        0x2 
 .text          0x10000570      0x148 c:/MaximSDK/Eclipse/Add_2/build/startup_max78000.o
                0x10000570                Reset_Handler
                0x100005ae                HardFault_Handler
                0x100005b0                MemManage_Handler
                0x100005b2                BusFault_Handler
                0x100005b4                UsageFault_Handler
                0x100005b6                SVC_Handler
                0x100005b8                DebugMon_Handler
                0x100005ba                PendSV_Handler
                0x100005bc                SysTick_Handler
                0x100005be                Default_Handler
                0x100005c0                PF_IRQHandler
                0x100005c2                WDT0_IRQHandler
                0x100005c4                RSV02_IRQHandler
                0x100005c6                RTC_IRQHandler
                0x100005c8                TRNG_IRQHandler
                0x100005ca                TMR0_IRQHandler
                0x100005cc                TMR1_IRQHandler
                0x100005ce                TMR2_IRQHandler
                0x100005d0                TMR3_IRQHandler
                0x100005d2                TMR4_IRQHandler
                0x100005d4                TMR5_IRQHandler
                0x100005d6                RSV11_IRQHandler
                0x100005d8                RSV12_IRQHandler
                0x100005da                I2C0_IRQHandler
                0x100005dc                UART0_IRQHandler
                0x100005de                UART1_IRQHandler
                0x100005e0                SPI1_IRQHandler
                0x100005e2                RSV17_IRQHandler
                0x100005e4                RSV18_IRQHandler
                0x100005e6                RSV19_IRQHandler
                0x100005e8                ADC_IRQHandler
                0x100005ea                RSV21_IRQHandler
                0x100005ec                RSV22_IRQHandler
                0x100005ee                FLC0_IRQHandler
                0x100005f6                RSV27_IRQHandler
                0x100005f8                DMA0_IRQHandler
                0x100005fa                DMA1_IRQHandler
                0x100005fc                DMA2_IRQHandler
                0x100005fe                DMA3_IRQHandler
                0x10000600                RSV32_IRQHandler
                0x10000602                RSV33_IRQHandler
                0x10000604                UART2_IRQHandler
                0x10000606                RSV35_IRQHandler
                0x10000608                I2C1_IRQHandler
                0x1000060a                RSV37_IRQHandler
                0x1000060c                RSV38_IRQHandler
                0x1000060e                RSV39_IRQHandler
                0x10000610                RSV40_IRQHandler
                0x10000612                RSV41_IRQHandler
                0x10000614                RSV42_IRQHandler
                0x10000616                RSV43_IRQHandler
                0x10000618                RSV44_IRQHandler
                0x1000061a                RSV45_IRQHandler
                0x1000061c                RSV46_IRQHandler
                0x1000061e                RSV47_IRQHandler
                0x10000620                RSV48_IRQHandler
                0x10000622                RSV49_IRQHandler
                0x10000624                RSV50_IRQHandler
                0x10000626                RSV51_IRQHandler
                0x10000628                RSV52_IRQHandler
                0x1000062a                WUT_IRQHandler
                0x1000062c                GPIOWAKE_IRQHandler
                0x1000062e                RSV55_IRQHandler
                0x10000630                SPI0_IRQHandler
                0x10000632                WDT1_IRQHandler
                0x10000634                RSV58_IRQHandler
                0x10000636                PT_IRQHandler
                0x10000638                RSV60_IRQHandler
                0x1000063a                RSV61_IRQHandler
                0x1000063c                I2C2_IRQHandler
                0x1000063e                RISCV_IRQHandler
                0x10000640                RSV64_IRQHandler
                0x10000642                RSV65_IRQHandler
                0x10000644                RSV66_IRQHandler
                0x10000646                OWM_IRQHandler
                0x10000648                RSV68_IRQHandler
                0x1000064a                RSV69_IRQHandler
                0x1000064c                RSV70_IRQHandler
                0x1000064e                RSV71_IRQHandler
                0x10000650                RSV72_IRQHandler
                0x10000652                RSV73_IRQHandler
                0x10000654                RSV74_IRQHandler
                0x10000656                RSV75_IRQHandler
                0x10000658                RSV76_IRQHandler
                0x1000065a                RSV77_IRQHandler
                0x1000065c                RSV78_IRQHandler
                0x1000065e                RSV79_IRQHandler
                0x10000660                RSV80_IRQHandler
                0x10000662                RSV81_IRQHandler
                0x10000664                ECC_IRQHandler
                0x10000666                DVS_IRQHandler
                0x10000668                SIMO_IRQHandler
                0x1000066a                RSV85_IRQHandler
                0x1000066c                RSV86_IRQHandler
                0x1000066e                RSV87_IRQHandler
                0x10000670                UART3_IRQHandler
                0x10000672                RSV89_IRQHandler
                0x10000674                RSV90_IRQHandler
                0x10000676                PCIF_IRQHandler
                0x10000678                RSV92_IRQHandler
                0x1000067a                RSV93_IRQHandler
                0x1000067c                RSV94_IRQHandler
                0x1000067e                RSV95_IRQHandler
                0x10000680                RSV96_IRQHandler
                0x10000682                AES_IRQHandler
                0x10000684                RSV98_IRQHandler
                0x10000686                I2S_IRQHandler
                0x10000688                CNN_FIFO_IRQHandler
                0x1000068a                CNN_IRQHandler
                0x1000068c                RSV102_IRQHandler
                0x1000068e                LPCMP_IRQHandler
 .text._sbrk    0x100006b8       0x38 c:/MaximSDK/Eclipse/Add_2/build/heap.o
                0x100006b8                _sbrk
 .text.SystemCoreClockUpdate
                0x100006f0       0x6c c:/MaximSDK/Eclipse/Add_2/build/system_max78000.o
                0x100006f0                SystemCoreClockUpdate
 .text.PreInit  0x1000075c        0x4 c:/MaximSDK/Eclipse/Add_2/build/system_max78000.o
                0x1000075c                PreInit
 .text.SystemInit
                0x10000760       0x38 c:/MaximSDK/Eclipse/Add_2/build/system_max78000.o
                0x10000760                SystemInit
 .text.MXC_DelayInit
                0x10000798       0x80 c:/MaximSDK/Libraries/PeriphDrivers/bin/MAX78000/softfp/libPeriphDriver_softfp.a(mxc_delay.o)
 .text.MXC_DelayAsync
                0x10000818       0x3c c:/MaximSDK/Libraries/PeriphDrivers/bin/MAX78000/softfp/libPeriphDriver_softfp.a(mxc_delay.o)
                0x10000818                MXC_DelayAsync
 .text.MXC_DelayAbort
                0x10000854       0x34 c:/MaximSDK/Libraries/PeriphDrivers/bin/MAX78000/softfp/libPeriphDriver_softfp.a(mxc_delay.o)
                0x10000854                MXC_DelayAbort
 .text.MXC_DelayCheck
                0x10000888       0x58 c:/MaximSDK/Libraries/PeriphDrivers/bin/MAX78000/softfp/libPeriphDriver_softfp.a(mxc_delay.o)
                0x10000888                MXC_DelayCheck
 .text.MXC_Delay
                0x100008e0       0x4c c:/MaximSDK/Libraries/PeriphDrivers/bin/MAX78000/softfp/libPeriphDriver_softfp.a(mxc_delay.o)
                0x100008e0                MXC_Delay
 .text.MXC_SYS_ClockDisable
                0x1000092c       0x44 c:/MaximSDK/Libraries/PeriphDrivers/bin/MAX78000/softfp/libPeriphDriver_softfp.a(sys_ai85.o)
                0x1000092c                MXC_SYS_ClockDisable
 .text.MXC_SYS_ClockEnable
                0x10000970       0x4c c:/MaximSDK/Libraries/PeriphDrivers/bin/MAX78000/softfp/libPeriphDriver_softfp.a(sys_ai85.o)
                0x10000970                MXC_SYS_ClockEnable
 .text.MXC_SYS_Clock_Timeout
                0x100009bc       0x2e c:/MaximSDK/Libraries/PeriphDrivers/bin/MAX78000/softfp/libPeriphDriver_softfp.a(sys_ai85.o)
                0x100009bc                MXC_SYS_Clock_Timeout
 .text.MXC_SYS_ClockSourceEnable
                0x100009ea       0x6c c:/MaximSDK/Libraries/PeriphDrivers/bin/MAX78000/softfp/libPeriphDriver_softfp.a(sys_ai85.o)
                0x100009ea                MXC_SYS_ClockSourceEnable
 *fill*         0x10000a56        0x2 
 .text.MXC_SYS_Reset_Periph
                0x10000a58       0x4c c:/MaximSDK/Libraries/PeriphDrivers/bin/MAX78000/softfp/libPeriphDriver_softfp.a(sys_ai85.o)
                0x10000a58                MXC_SYS_Reset_Periph
 .text.NVIC_SetRAM
                0x10000aa4       0x24 c:/MaximSDK/Libraries/PeriphDrivers/bin/MAX78000/softfp/libPeriphDriver_softfp.a(nvic_table.o)
                0x10000aa4                NVIC_SetRAM
 .text.NVIC_SetVector
                0x10000ac8       0x3c c:/MaximSDK/Libraries/PeriphDrivers/bin/MAX78000/softfp/libPeriphDriver_softfp.a(nvic_table.o)
                0x10000ac8                NVIC_SetVector
 .text.MXC_GPIO_Init
                0x10000b04       0x22 c:/MaximSDK/Libraries/PeriphDrivers/bin/MAX78000/softfp/libPeriphDriver_softfp.a(gpio_ai85.o)
                0x10000b04                MXC_GPIO_Init
 *fill*         0x10000b26        0x2 
 .text.MXC_GPIO_Config
                0x10000b28      0x1e0 c:/MaximSDK/Libraries/PeriphDrivers/bin/MAX78000/softfp/libPeriphDriver_softfp.a(gpio_ai85.o)
                0x10000b28                MXC_GPIO_Config
 .text.MXC_GPIO_OutSet
                0x10000d08       0x34 c:/MaximSDK/Libraries/PeriphDrivers/bin/MAX78000/softfp/libPeriphDriver_softfp.a(gpio_ai85.o)
                0x10000d08                MXC_GPIO_OutSet
 .text.MXC_GPIO_OutClr
                0x10000d3c       0x34 c:/MaximSDK/Libraries/PeriphDrivers/bin/MAX78000/softfp/libPeriphDriver_softfp.a(gpio_ai85.o)
                0x10000d3c                MXC_GPIO_OutClr
 .text.MXC_GPIO_Handler
                0x10000d70        0x4 c:/MaximSDK/Libraries/PeriphDrivers/bin/MAX78000/softfp/libPeriphDriver_softfp.a(gpio_ai85.o)
                0x10000d70                MXC_GPIO_Handler
 .text.MXC_GPIO_ClearFlags
                0x10000d74        0x4 c:/MaximSDK/Libraries/PeriphDrivers/bin/MAX78000/softfp/libPeriphDriver_softfp.a(gpio_ai85.o)
                0x10000d74                MXC_GPIO_ClearFlags
 .text.MXC_GPIO_GetFlags
                0x10000d78        0x4 c:/MaximSDK/Libraries/PeriphDrivers/bin/MAX78000/softfp/libPeriphDriver_softfp.a(gpio_ai85.o)
                0x10000d78                MXC_GPIO_GetFlags
 .text.MXC_GPIO_RevA_OutSet
                0x10000d7c        0x4 c:/MaximSDK/Libraries/PeriphDrivers/bin/MAX78000/softfp/libPeriphDriver_softfp.a(gpio_reva.o)
                0x10000d7c                MXC_GPIO_RevA_OutSet
 .text.MXC_GPIO_RevA_OutClr
                0x10000d80        0x4 c:/MaximSDK/Libraries/PeriphDrivers/bin/MAX78000/softfp/libPeriphDriver_softfp.a(gpio_reva.o)
                0x10000d80                MXC_GPIO_RevA_OutClr
 .text.MXC_GPIO_RevA_ClearFlags
                0x10000d84        0x4 c:/MaximSDK/Libraries/PeriphDrivers/bin/MAX78000/softfp/libPeriphDriver_softfp.a(gpio_reva.o)
                0x10000d84                MXC_GPIO_RevA_ClearFlags
 .text.MXC_GPIO_RevA_GetFlags
                0x10000d88        0x4 c:/MaximSDK/Libraries/PeriphDrivers/bin/MAX78000/softfp/libPeriphDriver_softfp.a(gpio_reva.o)
                0x10000d88                MXC_GPIO_RevA_GetFlags
 .text.MXC_GPIO_RevA_SetVSSEL
                0x10000d8c       0x24 c:/MaximSDK/Libraries/PeriphDrivers/bin/MAX78000/softfp/libPeriphDriver_softfp.a(gpio_reva.o)
                0x10000d8c                MXC_GPIO_RevA_SetVSSEL
 .text.MXC_GPIO_RevA_SetAF
                0x10000db0       0x3a c:/MaximSDK/Libraries/PeriphDrivers/bin/MAX78000/softfp/libPeriphDriver_softfp.a(gpio_reva.o)
                0x10000db0                MXC_GPIO_RevA_SetAF
 .text.MXC_ICC_Enable
                0x10000dea        0x4 c:/MaximSDK/Libraries/PeriphDrivers/bin/MAX78000/softfp/libPeriphDriver_softfp.a(icc_me17.o)
                0x10000dea                MXC_ICC_Enable
 .text.MXC_ICC_RevA_Enable
                0x10000dee       0x30 c:/MaximSDK/Libraries/PeriphDrivers/bin/MAX78000/softfp/libPeriphDriver_softfp.a(icc_reva.o)
                0x10000dee                MXC_ICC_RevA_Enable
 *fill*         0x10000e1e        0x2 
 .text.MXC_UART_GetFrequency.part.1
                0x10000e20       0x54 c:/MaximSDK/Libraries/PeriphDrivers/bin/MAX78000/softfp/libPeriphDriver_softfp.a(uart_ai85.o)
 .text.MXC_UART_AsyncCallback
                0x10000e74        0x4 c:/MaximSDK/Libraries/PeriphDrivers/bin/MAX78000/softfp/libPeriphDriver_softfp.a(uart_ai85.o)
                0x10000e74                MXC_UART_AsyncCallback
 .text.MXC_UART_AsyncStop
                0x10000e78        0x4 c:/MaximSDK/Libraries/PeriphDrivers/bin/MAX78000/softfp/libPeriphDriver_softfp.a(uart_ai85.o)
                0x10000e78                MXC_UART_AsyncStop
 .text.MXC_UART_Shutdown
                0x10000e7c       0x60 c:/MaximSDK/Libraries/PeriphDrivers/bin/MAX78000/softfp/libPeriphDriver_softfp.a(uart_ai85.o)
                0x10000e7c                MXC_UART_Shutdown
 .text.MXC_UART_Init
                0x10000edc       0x98 c:/MaximSDK/Libraries/PeriphDrivers/bin/MAX78000/softfp/libPeriphDriver_softfp.a(uart_ai85.o)
                0x10000edc                MXC_UART_Init
 .text.MXC_UART_SetFrequency
                0x10000f74       0xb8 c:/MaximSDK/Libraries/PeriphDrivers/bin/MAX78000/softfp/libPeriphDriver_softfp.a(uart_ai85.o)
                0x10000f74                MXC_UART_SetFrequency
 .text.MXC_UART_GetFrequency
                0x1000102c       0x30 c:/MaximSDK/Libraries/PeriphDrivers/bin/MAX78000/softfp/libPeriphDriver_softfp.a(uart_ai85.o)
                0x1000102c                MXC_UART_GetFrequency
 .text.MXC_UART_SetDataSize
                0x1000105c        0x4 c:/MaximSDK/Libraries/PeriphDrivers/bin/MAX78000/softfp/libPeriphDriver_softfp.a(uart_ai85.o)
                0x1000105c                MXC_UART_SetDataSize
 .text.MXC_UART_SetStopBits
                0x10001060        0x4 c:/MaximSDK/Libraries/PeriphDrivers/bin/MAX78000/softfp/libPeriphDriver_softfp.a(uart_ai85.o)
                0x10001060                MXC_UART_SetStopBits
 .text.MXC_UART_SetParity
                0x10001064        0x4 c:/MaximSDK/Libraries/PeriphDrivers/bin/MAX78000/softfp/libPeriphDriver_softfp.a(uart_ai85.o)
                0x10001064                MXC_UART_SetParity
 .text.MXC_UART_ReadCharacterRaw
                0x10001068        0x4 c:/MaximSDK/Libraries/PeriphDrivers/bin/MAX78000/softfp/libPeriphDriver_softfp.a(uart_ai85.o)
                0x10001068                MXC_UART_ReadCharacterRaw
 .text.MXC_UART_WriteCharacterRaw
                0x1000106c        0x4 c:/MaximSDK/Libraries/PeriphDrivers/bin/MAX78000/softfp/libPeriphDriver_softfp.a(uart_ai85.o)
                0x1000106c                MXC_UART_WriteCharacterRaw
 .text.MXC_UART_ReadCharacter
                0x10001070        0x4 c:/MaximSDK/Libraries/PeriphDrivers/bin/MAX78000/softfp/libPeriphDriver_softfp.a(uart_ai85.o)
                0x10001070                MXC_UART_ReadCharacter
 .text.MXC_UART_WriteCharacter
                0x10001074        0x4 c:/MaximSDK/Libraries/PeriphDrivers/bin/MAX78000/softfp/libPeriphDriver_softfp.a(uart_ai85.o)
                0x10001074                MXC_UART_WriteCharacter
 .text.MXC_UART_ReadRXFIFO
                0x10001078        0x4 c:/MaximSDK/Libraries/PeriphDrivers/bin/MAX78000/softfp/libPeriphDriver_softfp.a(uart_ai85.o)
                0x10001078                MXC_UART_ReadRXFIFO
 .text.MXC_UART_GetRXFIFOAvailable
                0x1000107c        0x4 c:/MaximSDK/Libraries/PeriphDrivers/bin/MAX78000/softfp/libPeriphDriver_softfp.a(uart_ai85.o)
                0x1000107c                MXC_UART_GetRXFIFOAvailable
 .text.MXC_UART_WriteTXFIFO
                0x10001080        0x4 c:/MaximSDK/Libraries/PeriphDrivers/bin/MAX78000/softfp/libPeriphDriver_softfp.a(uart_ai85.o)
                0x10001080                MXC_UART_WriteTXFIFO
 .text.MXC_UART_GetTXFIFOAvailable
                0x10001084        0x4 c:/MaximSDK/Libraries/PeriphDrivers/bin/MAX78000/softfp/libPeriphDriver_softfp.a(uart_ai85.o)
                0x10001084                MXC_UART_GetTXFIFOAvailable
 .text.MXC_UART_ClearRXFIFO
                0x10001088        0x4 c:/MaximSDK/Libraries/PeriphDrivers/bin/MAX78000/softfp/libPeriphDriver_softfp.a(uart_ai85.o)
                0x10001088                MXC_UART_ClearRXFIFO
 .text.MXC_UART_ClearTXFIFO
                0x1000108c        0x4 c:/MaximSDK/Libraries/PeriphDrivers/bin/MAX78000/softfp/libPeriphDriver_softfp.a(uart_ai85.o)
                0x1000108c                MXC_UART_ClearTXFIFO
 .text.MXC_UART_SetRXThreshold
                0x10001090        0x4 c:/MaximSDK/Libraries/PeriphDrivers/bin/MAX78000/softfp/libPeriphDriver_softfp.a(uart_ai85.o)
                0x10001090                MXC_UART_SetRXThreshold
 .text.MXC_UART_GetRXThreshold
                0x10001094        0x4 c:/MaximSDK/Libraries/PeriphDrivers/bin/MAX78000/softfp/libPeriphDriver_softfp.a(uart_ai85.o)
                0x10001094                MXC_UART_GetRXThreshold
 .text.MXC_UART_GetFlags
                0x10001098        0x4 c:/MaximSDK/Libraries/PeriphDrivers/bin/MAX78000/softfp/libPeriphDriver_softfp.a(uart_ai85.o)
                0x10001098                MXC_UART_GetFlags
 .text.MXC_UART_ClearFlags
                0x1000109c        0x4 c:/MaximSDK/Libraries/PeriphDrivers/bin/MAX78000/softfp/libPeriphDriver_softfp.a(uart_ai85.o)
                0x1000109c                MXC_UART_ClearFlags
 .text.MXC_UART_EnableInt
                0x100010a0        0x4 c:/MaximSDK/Libraries/PeriphDrivers/bin/MAX78000/softfp/libPeriphDriver_softfp.a(uart_ai85.o)
                0x100010a0                MXC_UART_EnableInt
 .text.MXC_UART_DisableInt
                0x100010a4        0x4 c:/MaximSDK/Libraries/PeriphDrivers/bin/MAX78000/softfp/libPeriphDriver_softfp.a(uart_ai85.o)
                0x100010a4                MXC_UART_DisableInt
 .text.MXC_UART_TransactionAsync
                0x100010a8        0x4 c:/MaximSDK/Libraries/PeriphDrivers/bin/MAX78000/softfp/libPeriphDriver_softfp.a(uart_ai85.o)
                0x100010a8                MXC_UART_TransactionAsync
 .text.MXC_UART_AsyncHandler
                0x100010ac        0x4 c:/MaximSDK/Libraries/PeriphDrivers/bin/MAX78000/softfp/libPeriphDriver_softfp.a(uart_ai85.o)
                0x100010ac                MXC_UART_AsyncHandler
 .text.MXC_UART_Common_ReadCharacter
                0x100010b0       0x18 c:/MaximSDK/Libraries/PeriphDrivers/bin/MAX78000/softfp/libPeriphDriver_softfp.a(uart_common.o)
                0x100010b0                MXC_UART_Common_ReadCharacter
 .text.MXC_UART_Common_WriteCharacter
                0x100010c8       0x1c c:/MaximSDK/Libraries/PeriphDrivers/bin/MAX78000/softfp/libPeriphDriver_softfp.a(uart_common.o)
                0x100010c8                MXC_UART_Common_WriteCharacter
 .text.MXC_UART_RevB_Init
                0x100010e4       0x68 c:/MaximSDK/Libraries/PeriphDrivers/bin/MAX78000/softfp/libPeriphDriver_softfp.a(uart_revb.o)
                0x100010e4                MXC_UART_RevB_Init
 .text.MXC_UART_RevB_SetFrequency
                0x1000114c       0x88 c:/MaximSDK/Libraries/PeriphDrivers/bin/MAX78000/softfp/libPeriphDriver_softfp.a(uart_revb.o)
                0x1000114c                MXC_UART_RevB_SetFrequency
 .text.MXC_UART_RevB_GetFrequency
                0x100011d4       0x68 c:/MaximSDK/Libraries/PeriphDrivers/bin/MAX78000/softfp/libPeriphDriver_softfp.a(uart_revb.o)
                0x100011d4                MXC_UART_RevB_GetFrequency
 .text.MXC_UART_RevB_SetDataSize
                0x1000123c       0x40 c:/MaximSDK/Libraries/PeriphDrivers/bin/MAX78000/softfp/libPeriphDriver_softfp.a(uart_revb.o)
                0x1000123c                MXC_UART_RevB_SetDataSize
 .text.MXC_UART_RevB_SetStopBits
                0x1000127c       0x44 c:/MaximSDK/Libraries/PeriphDrivers/bin/MAX78000/softfp/libPeriphDriver_softfp.a(uart_revb.o)
                0x1000127c                MXC_UART_RevB_SetStopBits
 .text.MXC_UART_RevB_SetParity
                0x100012c0       0x94 c:/MaximSDK/Libraries/PeriphDrivers/bin/MAX78000/softfp/libPeriphDriver_softfp.a(uart_revb.o)
                0x100012c0                MXC_UART_RevB_SetParity
 .text.MXC_UART_RevB_ReadCharacterRaw
                0x10001354       0x38 c:/MaximSDK/Libraries/PeriphDrivers/bin/MAX78000/softfp/libPeriphDriver_softfp.a(uart_revb.o)
                0x10001354                MXC_UART_RevB_ReadCharacterRaw
 .text.MXC_UART_RevB_WriteCharacterRaw
                0x1000138c       0x3c c:/MaximSDK/Libraries/PeriphDrivers/bin/MAX78000/softfp/libPeriphDriver_softfp.a(uart_revb.o)
                0x1000138c                MXC_UART_RevB_WriteCharacterRaw
 .text.MXC_UART_RevB_ReadRXFIFO
                0x100013c8       0x1a c:/MaximSDK/Libraries/PeriphDrivers/bin/MAX78000/softfp/libPeriphDriver_softfp.a(uart_revb.o)
                0x100013c8                MXC_UART_RevB_ReadRXFIFO
 .text.MXC_UART_RevB_GetRXFIFOAvailable
                0x100013e2        0x8 c:/MaximSDK/Libraries/PeriphDrivers/bin/MAX78000/softfp/libPeriphDriver_softfp.a(uart_revb.o)
                0x100013e2                MXC_UART_RevB_GetRXFIFOAvailable
 .text.MXC_UART_RevB_WriteTXFIFO
                0x100013ea       0x1a c:/MaximSDK/Libraries/PeriphDrivers/bin/MAX78000/softfp/libPeriphDriver_softfp.a(uart_revb.o)
                0x100013ea                MXC_UART_RevB_WriteTXFIFO
 .text.MXC_UART_RevB_GetTXFIFOAvailable
                0x10001404        0xc c:/MaximSDK/Libraries/PeriphDrivers/bin/MAX78000/softfp/libPeriphDriver_softfp.a(uart_revb.o)
                0x10001404                MXC_UART_RevB_GetTXFIFOAvailable
 .text.MXC_UART_RevB_ClearRXFIFO
                0x10001410       0x3c c:/MaximSDK/Libraries/PeriphDrivers/bin/MAX78000/softfp/libPeriphDriver_softfp.a(uart_revb.o)
                0x10001410                MXC_UART_RevB_ClearRXFIFO
 .text.MXC_UART_RevB_ClearTXFIFO
                0x1000144c       0x3c c:/MaximSDK/Libraries/PeriphDrivers/bin/MAX78000/softfp/libPeriphDriver_softfp.a(uart_revb.o)
                0x1000144c                MXC_UART_RevB_ClearTXFIFO
 .text.MXC_UART_RevB_SetRXThreshold
                0x10001488       0x3c c:/MaximSDK/Libraries/PeriphDrivers/bin/MAX78000/softfp/libPeriphDriver_softfp.a(uart_revb.o)
                0x10001488                MXC_UART_RevB_SetRXThreshold
 .text.MXC_UART_RevB_GetRXThreshold
                0x100014c4        0x8 c:/MaximSDK/Libraries/PeriphDrivers/bin/MAX78000/softfp/libPeriphDriver_softfp.a(uart_revb.o)
                0x100014c4                MXC_UART_RevB_GetRXThreshold
 .text.MXC_UART_RevB_GetFlags
                0x100014cc        0x4 c:/MaximSDK/Libraries/PeriphDrivers/bin/MAX78000/softfp/libPeriphDriver_softfp.a(uart_revb.o)
                0x100014cc                MXC_UART_RevB_GetFlags
 .text.MXC_UART_RevB_ClearFlags
                0x100014d0       0x30 c:/MaximSDK/Libraries/PeriphDrivers/bin/MAX78000/softfp/libPeriphDriver_softfp.a(uart_revb.o)
                0x100014d0                MXC_UART_RevB_ClearFlags
 .text.MXC_UART_RevB_EnableInt
                0x10001500       0x34 c:/MaximSDK/Libraries/PeriphDrivers/bin/MAX78000/softfp/libPeriphDriver_softfp.a(uart_revb.o)
                0x10001500                MXC_UART_RevB_EnableInt
 .text.MXC_UART_RevB_DisableInt
                0x10001534       0x34 c:/MaximSDK/Libraries/PeriphDrivers/bin/MAX78000/softfp/libPeriphDriver_softfp.a(uart_revb.o)
                0x10001534                MXC_UART_RevB_DisableInt
 .text.MXC_UART_RevB_TransactionAsync
                0x10001568      0x1d8 c:/MaximSDK/Libraries/PeriphDrivers/bin/MAX78000/softfp/libPeriphDriver_softfp.a(uart_revb.o)
                0x10001568                MXC_UART_RevB_TransactionAsync
 .text.MXC_UART_RevB_AsyncTxCallback
                0x10001740       0x58 c:/MaximSDK/Libraries/PeriphDrivers/bin/MAX78000/softfp/libPeriphDriver_softfp.a(uart_revb.o)
                0x10001740                MXC_UART_RevB_AsyncTxCallback
 .text.MXC_UART_RevB_AsyncRxCallback
                0x10001798       0x58 c:/MaximSDK/Libraries/PeriphDrivers/bin/MAX78000/softfp/libPeriphDriver_softfp.a(uart_revb.o)
                0x10001798                MXC_UART_RevB_AsyncRxCallback
 .text.MXC_UART_RevB_AsyncCallback
                0x100017f0       0x68 c:/MaximSDK/Libraries/PeriphDrivers/bin/MAX78000/softfp/libPeriphDriver_softfp.a(uart_revb.o)
                0x100017f0                MXC_UART_RevB_AsyncCallback
 .text.MXC_UART_RevB_AsyncStopTx
                0x10001858       0x34 c:/MaximSDK/Libraries/PeriphDrivers/bin/MAX78000/softfp/libPeriphDriver_softfp.a(uart_revb.o)
                0x10001858                MXC_UART_RevB_AsyncStopTx
 .text.MXC_UART_RevB_AsyncStopRx
                0x1000188c       0x34 c:/MaximSDK/Libraries/PeriphDrivers/bin/MAX78000/softfp/libPeriphDriver_softfp.a(uart_revb.o)
                0x1000188c                MXC_UART_RevB_AsyncStopRx
 .text.MXC_UART_RevB_AsyncStop
                0x100018c0       0x38 c:/MaximSDK/Libraries/PeriphDrivers/bin/MAX78000/softfp/libPeriphDriver_softfp.a(uart_revb.o)
                0x100018c0                MXC_UART_RevB_AsyncStop
 .text.MXC_UART_RevB_AsyncHandler
                0x100018f8      0x188 c:/MaximSDK/Libraries/PeriphDrivers/bin/MAX78000/softfp/libPeriphDriver_softfp.a(uart_revb.o)
                0x100018f8                MXC_UART_RevB_AsyncHandler
 .text.MXC_GPIO_Common_Init
                0x10001a80       0x30 c:/MaximSDK/Libraries/PeriphDrivers/bin/MAX78000/softfp/libPeriphDriver_softfp.a(gpio_common.o)
                0x10001a80                MXC_GPIO_Common_Init
 .text.MXC_GPIO_Common_Handler
                0x10001ab0       0x7c c:/MaximSDK/Libraries/PeriphDrivers/bin/MAX78000/softfp/libPeriphDriver_softfp.a(gpio_common.o)
                0x10001ab0                MXC_GPIO_Common_Handler
 .text.__errno  0x10001b2c        0xc c:/maximsdk/tools/gnutools/bin/../lib/gcc/arm-none-eabi/9.2.1/../../../../arm-none-eabi/lib/thumb/v7e-m+fp/softfp\libc.a(lib_a-errno.o)
                0x10001b2c                __errno
 .text.__libc_init_array
                0x10001b38       0x48 c:/maximsdk/tools/gnutools/bin/../lib/gcc/arm-none-eabi/9.2.1/../../../../arm-none-eabi/lib/thumb/v7e-m+fp/softfp\libc.a(lib_a-init.o)
                0x10001b38                __libc_init_array
 .text._malloc_r
                0x10001b80      0x574 c:/maximsdk/tools/gnutools/bin/../lib/gcc/arm-none-eabi/9.2.1/../../../../arm-none-eabi/lib/thumb/v7e-m+fp/softfp\libc.a(lib_a-mallocr.o)
                0x10001b80                _malloc_r
 .text          0x100020f4      0x134 c:/maximsdk/tools/gnutools/bin/../lib/gcc/arm-none-eabi/9.2.1/../../../../arm-none-eabi/lib/thumb/v7e-m+fp/softfp\libc.a(lib_a-memcpy.o)
                0x100020f4                memcpy
 .text.memset   0x10002228       0xa0 c:/maximsdk/tools/gnutools/bin/../lib/gcc/arm-none-eabi/9.2.1/../../../../arm-none-eabi/lib/thumb/v7e-m+fp/softfp\libc.a(lib_a-memset.o)
                0x10002228                memset
 .text.__malloc_lock
                0x100022c8        0xc c:/maximsdk/tools/gnutools/bin/../lib/gcc/arm-none-eabi/9.2.1/../../../../arm-none-eabi/lib/thumb/v7e-m+fp/softfp\libc.a(lib_a-mlock.o)
                0x100022c8                __malloc_lock
 .text.__malloc_unlock
                0x100022d4        0xc c:/maximsdk/tools/gnutools/bin/../lib/gcc/arm-none-eabi/9.2.1/../../../../arm-none-eabi/lib/thumb/v7e-m+fp/softfp\libc.a(lib_a-mlock.o)
                0x100022d4                __malloc_unlock
 .text.printf   0x100022e0       0x28 c:/maximsdk/tools/gnutools/bin/../lib/gcc/arm-none-eabi/9.2.1/../../../../arm-none-eabi/lib/thumb/v7e-m+fp/softfp\libc.a(lib_a-printf.o)
                0x100022e0                printf
 .text._puts_r  0x10002308       0x9c c:/maximsdk/tools/gnutools/bin/../lib/gcc/arm-none-eabi/9.2.1/../../../../arm-none-eabi/lib/thumb/v7e-m+fp/softfp\libc.a(lib_a-puts.o)
                0x10002308                _puts_r
 .text.puts     0x100023a4       0x10 c:/maximsdk/tools/gnutools/bin/../lib/gcc/arm-none-eabi/9.2.1/../../../../arm-none-eabi/lib/thumb/v7e-m+fp/softfp\libc.a(lib_a-puts.o)
                0x100023a4                puts
 .text._sbrk_r  0x100023b4       0x24 c:/maximsdk/tools/gnutools/bin/../lib/gcc/arm-none-eabi/9.2.1/../../../../arm-none-eabi/lib/thumb/v7e-m+fp/softfp\libc.a(lib_a-sbrkr.o)
                0x100023b4                _sbrk_r
 *fill*         0x100023d8       0x28 
 .text          0x10002400       0xdc c:/maximsdk/tools/gnutools/bin/../lib/gcc/arm-none-eabi/9.2.1/../../../../arm-none-eabi/lib/thumb/v7e-m+fp/softfp\libc.a(lib_a-strlen.o)
                0x10002400                strlen
 *fill*         0x100024dc        0x4 
 .text._vfprintf_r
                0x100024e0     0x1bdc c:/maximsdk/tools/gnutools/bin/../lib/gcc/arm-none-eabi/9.2.1/../../../../arm-none-eabi/lib/thumb/v7e-m+fp/softfp\libc.a(lib_a-vfprintf.o)
                0x100024e0                _vfprintf_r
 .text.__sbprintf
                0x100040bc       0x84 c:/maximsdk/tools/gnutools/bin/../lib/gcc/arm-none-eabi/9.2.1/../../../../arm-none-eabi/lib/thumb/v7e-m+fp/softfp\libc.a(lib_a-vfprintf.o)
 .text.__swsetup_r
                0x10004140       0xd0 c:/maximsdk/tools/gnutools/bin/../lib/gcc/arm-none-eabi/9.2.1/../../../../arm-none-eabi/lib/thumb/v7e-m+fp/softfp\libc.a(lib_a-wsetup.o)
                0x10004140                __swsetup_r
 .text.startup.register_fini
                0x10004210       0x14 c:/maximsdk/tools/gnutools/bin/../lib/gcc/arm-none-eabi/9.2.1/../../../../arm-none-eabi/lib/thumb/v7e-m+fp/softfp\libc.a(lib_a-__call_atexit.o)
 .text.atexit   0x10004224        0xc c:/maximsdk/tools/gnutools/bin/../lib/gcc/arm-none-eabi/9.2.1/../../../../arm-none-eabi/lib/thumb/v7e-m+fp/softfp\libc.a(lib_a-atexit.o)
                0x10004224                atexit
 .text.quorem   0x10004230      0x11c c:/maximsdk/tools/gnutools/bin/../lib/gcc/arm-none-eabi/9.2.1/../../../../arm-none-eabi/lib/thumb/v7e-m+fp/softfp\libc.a(lib_a-dtoa.o)
 *fill*         0x1000434c        0x4 
 .text._dtoa_r  0x10004350      0xeec c:/maximsdk/tools/gnutools/bin/../lib/gcc/arm-none-eabi/9.2.1/../../../../arm-none-eabi/lib/thumb/v7e-m+fp/softfp\libc.a(lib_a-dtoa.o)
                0x10004350                _dtoa_r
 .text.__sflush_r
                0x1000523c      0x130 c:/maximsdk/tools/gnutools/bin/../lib/gcc/arm-none-eabi/9.2.1/../../../../arm-none-eabi/lib/thumb/v7e-m+fp/softfp\libc.a(lib_a-fflush.o)
                0x1000523c                __sflush_r
 .text._fflush_r
                0x1000536c       0x5c c:/maximsdk/tools/gnutools/bin/../lib/gcc/arm-none-eabi/9.2.1/../../../../arm-none-eabi/lib/thumb/v7e-m+fp/softfp\libc.a(lib_a-fflush.o)
                0x1000536c                _fflush_r
 .text.std      0x100053c8       0x50 c:/maximsdk/tools/gnutools/bin/../lib/gcc/arm-none-eabi/9.2.1/../../../../arm-none-eabi/lib/thumb/v7e-m+fp/softfp\libc.a(lib_a-findfp.o)
 .text._cleanup_r
                0x10005418        0xc c:/maximsdk/tools/gnutools/bin/../lib/gcc/arm-none-eabi/9.2.1/../../../../arm-none-eabi/lib/thumb/v7e-m+fp/softfp\libc.a(lib_a-findfp.o)
                0x10005418                _cleanup_r
 .text.__sinit  0x10005424       0x54 c:/maximsdk/tools/gnutools/bin/../lib/gcc/arm-none-eabi/9.2.1/../../../../arm-none-eabi/lib/thumb/v7e-m+fp/softfp\libc.a(lib_a-findfp.o)
                0x10005424                __sinit
 .text.__sfp_lock_acquire
                0x10005478        0xc c:/maximsdk/tools/gnutools/bin/../lib/gcc/arm-none-eabi/9.2.1/../../../../arm-none-eabi/lib/thumb/v7e-m+fp/softfp\libc.a(lib_a-findfp.o)
                0x10005478                __sfp_lock_acquire
 .text.__sfp_lock_release
                0x10005484        0xc c:/maximsdk/tools/gnutools/bin/../lib/gcc/arm-none-eabi/9.2.1/../../../../arm-none-eabi/lib/thumb/v7e-m+fp/softfp\libc.a(lib_a-findfp.o)
                0x10005484                __sfp_lock_release
 .text.__libc_fini_array
                0x10005490       0x2c c:/maximsdk/tools/gnutools/bin/../lib/gcc/arm-none-eabi/9.2.1/../../../../arm-none-eabi/lib/thumb/v7e-m+fp/softfp\libc.a(lib_a-fini.o)
                0x10005490                __libc_fini_array
 .text._malloc_trim_r
                0x100054bc       0xa0 c:/maximsdk/tools/gnutools/bin/../lib/gcc/arm-none-eabi/9.2.1/../../../../arm-none-eabi/lib/thumb/v7e-m+fp/softfp\libc.a(lib_a-freer.o)
                0x100054bc                _malloc_trim_r
 .text._free_r  0x1000555c      0x208 c:/maximsdk/tools/gnutools/bin/../lib/gcc/arm-none-eabi/9.2.1/../../../../arm-none-eabi/lib/thumb/v7e-m+fp/softfp\libc.a(lib_a-freer.o)
                0x1000555c                _free_r
 .text.__sfvwrite_r
                0x10005764      0x2e0 c:/maximsdk/tools/gnutools/bin/../lib/gcc/arm-none-eabi/9.2.1/../../../../arm-none-eabi/lib/thumb/v7e-m+fp/softfp\libc.a(lib_a-fvwrite.o)
                0x10005764                __sfvwrite_r
 .text._fwalk_reent
                0x10005a44       0x48 c:/maximsdk/tools/gnutools/bin/../lib/gcc/arm-none-eabi/9.2.1/../../../../arm-none-eabi/lib/thumb/v7e-m+fp/softfp\libc.a(lib_a-fwalk.o)
                0x10005a44                _fwalk_reent
 .text._localeconv_r
                0x10005a8c        0x8 c:/maximsdk/tools/gnutools/bin/../lib/gcc/arm-none-eabi/9.2.1/../../../../arm-none-eabi/lib/thumb/v7e-m+fp/softfp\libc.a(lib_a-localeconv.o)
                0x10005a8c                _localeconv_r
 .text.__retarget_lock_init_recursive
                0x10005a94        0x4 c:/maximsdk/tools/gnutools/bin/../lib/gcc/arm-none-eabi/9.2.1/../../../../arm-none-eabi/lib/thumb/v7e-m+fp/softfp\libc.a(lib_a-lock.o)
                0x10005a94                __retarget_lock_init_recursive
 .text.__retarget_lock_close_recursive
                0x10005a98        0x4 c:/maximsdk/tools/gnutools/bin/../lib/gcc/arm-none-eabi/9.2.1/../../../../arm-none-eabi/lib/thumb/v7e-m+fp/softfp\libc.a(lib_a-lock.o)
                0x10005a98                __retarget_lock_close_recursive
 .text.__retarget_lock_acquire_recursive
                0x10005a9c        0x4 c:/maximsdk/tools/gnutools/bin/../lib/gcc/arm-none-eabi/9.2.1/../../../../arm-none-eabi/lib/thumb/v7e-m+fp/softfp\libc.a(lib_a-lock.o)
                0x10005a9c                __retarget_lock_acquire_recursive
 .text.__retarget_lock_release_recursive
                0x10005aa0        0x4 c:/maximsdk/tools/gnutools/bin/../lib/gcc/arm-none-eabi/9.2.1/../../../../arm-none-eabi/lib/thumb/v7e-m+fp/softfp\libc.a(lib_a-lock.o)
                0x10005aa0                __retarget_lock_release_recursive
 .text.__swhatbuf_r
                0x10005aa4       0x5c c:/maximsdk/tools/gnutools/bin/../lib/gcc/arm-none-eabi/9.2.1/../../../../arm-none-eabi/lib/thumb/v7e-m+fp/softfp\libc.a(lib_a-makebuf.o)
                0x10005aa4                __swhatbuf_r
 .text.__smakebuf_r
                0x10005b00       0x98 c:/maximsdk/tools/gnutools/bin/../lib/gcc/arm-none-eabi/9.2.1/../../../../arm-none-eabi/lib/thumb/v7e-m+fp/softfp\libc.a(lib_a-makebuf.o)
                0x10005b00                __smakebuf_r
 *fill*         0x10005b98        0x8 
 .text          0x10005ba0       0xa0 c:/maximsdk/tools/gnutools/bin/../lib/gcc/arm-none-eabi/9.2.1/../../../../arm-none-eabi/lib/thumb/v7e-m+fp/softfp\libc.a(lib_a-memchr.o)
                0x10005ba0                memchr
 .text.memmove  0x10005c40       0xd8 c:/maximsdk/tools/gnutools/bin/../lib/gcc/arm-none-eabi/9.2.1/../../../../arm-none-eabi/lib/thumb/v7e-m+fp/softfp\libc.a(lib_a-memmove.o)
                0x10005c40                memmove
 .text._Balloc  0x10005d18       0x4c c:/maximsdk/tools/gnutools/bin/../lib/gcc/arm-none-eabi/9.2.1/../../../../arm-none-eabi/lib/thumb/v7e-m+fp/softfp\libc.a(lib_a-mprec.o)
                0x10005d18                _Balloc
 .text._Bfree   0x10005d64       0x14 c:/maximsdk/tools/gnutools/bin/../lib/gcc/arm-none-eabi/9.2.1/../../../../arm-none-eabi/lib/thumb/v7e-m+fp/softfp\libc.a(lib_a-mprec.o)
                0x10005d64                _Bfree
 .text.__multadd
                0x10005d78       0x8c c:/maximsdk/tools/gnutools/bin/../lib/gcc/arm-none-eabi/9.2.1/../../../../arm-none-eabi/lib/thumb/v7e-m+fp/softfp\libc.a(lib_a-mprec.o)
                0x10005d78                __multadd
 .text.__hi0bits
                0x10005e04       0x40 c:/maximsdk/tools/gnutools/bin/../lib/gcc/arm-none-eabi/9.2.1/../../../../arm-none-eabi/lib/thumb/v7e-m+fp/softfp\libc.a(lib_a-mprec.o)
                0x10005e04                __hi0bits
 .text.__lo0bits
                0x10005e44       0x60 c:/maximsdk/tools/gnutools/bin/../lib/gcc/arm-none-eabi/9.2.1/../../../../arm-none-eabi/lib/thumb/v7e-m+fp/softfp\libc.a(lib_a-mprec.o)
                0x10005e44                __lo0bits
 .text.__i2b    0x10005ea4       0x14 c:/maximsdk/tools/gnutools/bin/../lib/gcc/arm-none-eabi/9.2.1/../../../../arm-none-eabi/lib/thumb/v7e-m+fp/softfp\libc.a(lib_a-mprec.o)
                0x10005ea4                __i2b
 .text.__multiply
                0x10005eb8      0x144 c:/maximsdk/tools/gnutools/bin/../lib/gcc/arm-none-eabi/9.2.1/../../../../arm-none-eabi/lib/thumb/v7e-m+fp/softfp\libc.a(lib_a-mprec.o)
                0x10005eb8                __multiply
 .text.__pow5mult
                0x10005ffc       0xa0 c:/maximsdk/tools/gnutools/bin/../lib/gcc/arm-none-eabi/9.2.1/../../../../arm-none-eabi/lib/thumb/v7e-m+fp/softfp\libc.a(lib_a-mprec.o)
                0x10005ffc                __pow5mult
 .text.__lshift
                0x1000609c       0xd4 c:/maximsdk/tools/gnutools/bin/../lib/gcc/arm-none-eabi/9.2.1/../../../../arm-none-eabi/lib/thumb/v7e-m+fp/softfp\libc.a(lib_a-mprec.o)
                0x1000609c                __lshift
 .text.__mcmp   0x10006170       0x3c c:/maximsdk/tools/gnutools/bin/../lib/gcc/arm-none-eabi/9.2.1/../../../../arm-none-eabi/lib/thumb/v7e-m+fp/softfp\libc.a(lib_a-mprec.o)
                0x10006170                __mcmp
 .text.__mdiff  0x100061ac      0x138 c:/maximsdk/tools/gnutools/bin/../lib/gcc/arm-none-eabi/9.2.1/../../../../arm-none-eabi/lib/thumb/v7e-m+fp/softfp\libc.a(lib_a-mprec.o)
                0x100061ac                __mdiff
 .text.__d2b    0x100062e4       0xbc c:/maximsdk/tools/gnutools/bin/../lib/gcc/arm-none-eabi/9.2.1/../../../../arm-none-eabi/lib/thumb/v7e-m+fp/softfp\libc.a(lib_a-mprec.o)
                0x100062e4                __d2b
 .text._realloc_r
                0x100063a0      0x3e0 c:/maximsdk/tools/gnutools/bin/../lib/gcc/arm-none-eabi/9.2.1/../../../../arm-none-eabi/lib/thumb/v7e-m+fp/softfp\libc.a(lib_a-reallocr.o)
                0x100063a0                _realloc_r
 .text.frexp    0x10006780       0x70 c:/maximsdk/tools/gnutools/bin/../lib/gcc/arm-none-eabi/9.2.1/../../../../arm-none-eabi/lib/thumb/v7e-m+fp/softfp\libc.a(lib_a-s_frexp.o)
                0x10006780                frexp
 .text.__sread  0x100067f0       0x24 c:/maximsdk/tools/gnutools/bin/../lib/gcc/arm-none-eabi/9.2.1/../../../../arm-none-eabi/lib/thumb/v7e-m+fp/softfp\libc.a(lib_a-stdio.o)
                0x100067f0                __sread
 .text.__swrite
                0x10006814       0x40 c:/maximsdk/tools/gnutools/bin/../lib/gcc/arm-none-eabi/9.2.1/../../../../arm-none-eabi/lib/thumb/v7e-m+fp/softfp\libc.a(lib_a-stdio.o)
                0x10006814                __swrite
 .text.__sseek  0x10006854       0x20 c:/maximsdk/tools/gnutools/bin/../lib/gcc/arm-none-eabi/9.2.1/../../../../arm-none-eabi/lib/thumb/v7e-m+fp/softfp\libc.a(lib_a-stdio.o)
                0x10006854                __sseek
 .text.__sclose
                0x10006874        0x8 c:/maximsdk/tools/gnutools/bin/../lib/gcc/arm-none-eabi/9.2.1/../../../../arm-none-eabi/lib/thumb/v7e-m+fp/softfp\libc.a(lib_a-stdio.o)
                0x10006874                __sclose
 .text.strncpy  0x1000687c       0x68 c:/maximsdk/tools/gnutools/bin/../lib/gcc/arm-none-eabi/9.2.1/../../../../arm-none-eabi/lib/thumb/v7e-m+fp/softfp\libc.a(lib_a-strncpy.o)
                0x1000687c                strncpy
 .text.__sprint_r.part.0
                0x100068e4       0x78 c:/maximsdk/tools/gnutools/bin/../lib/gcc/arm-none-eabi/9.2.1/../../../../arm-none-eabi/lib/thumb/v7e-m+fp/softfp\libc.a(lib_a-vfiprintf.o)
 .text.__sprint_r
                0x1000695c       0x18 c:/maximsdk/tools/gnutools/bin/../lib/gcc/arm-none-eabi/9.2.1/../../../../arm-none-eabi/lib/thumb/v7e-m+fp/softfp\libc.a(lib_a-vfiprintf.o)
                0x1000695c                __sprint_r
 .text._write_r
                0x10006974       0x2c c:/maximsdk/tools/gnutools/bin/../lib/gcc/arm-none-eabi/9.2.1/../../../../arm-none-eabi/lib/thumb/v7e-m+fp/softfp\libc.a(lib_a-writer.o)
                0x10006974                _write_r
 .text.__register_exitproc
                0x100069a0       0x8c c:/maximsdk/tools/gnutools/bin/../lib/gcc/arm-none-eabi/9.2.1/../../../../arm-none-eabi/lib/thumb/v7e-m+fp/softfp\libc.a(lib_a-__atexit.o)
                0x100069a0                __register_exitproc
 .text._calloc_r
                0x10006a2c       0x60 c:/maximsdk/tools/gnutools/bin/../lib/gcc/arm-none-eabi/9.2.1/../../../../arm-none-eabi/lib/thumb/v7e-m+fp/softfp\libc.a(lib_a-callocr.o)
                0x10006a2c                _calloc_r
 .text._close_r
                0x10006a8c       0x24 c:/maximsdk/tools/gnutools/bin/../lib/gcc/arm-none-eabi/9.2.1/../../../../arm-none-eabi/lib/thumb/v7e-m+fp/softfp\libc.a(lib_a-closer.o)
                0x10006a8c                _close_r
 .text._fclose_r
                0x10006ab0       0xcc c:/maximsdk/tools/gnutools/bin/../lib/gcc/arm-none-eabi/9.2.1/../../../../arm-none-eabi/lib/thumb/v7e-m+fp/softfp\libc.a(lib_a-fclose.o)
                0x10006ab0                _fclose_r
 .text.__fputwc
                0x10006b7c       0xa8 c:/maximsdk/tools/gnutools/bin/../lib/gcc/arm-none-eabi/9.2.1/../../../../arm-none-eabi/lib/thumb/v7e-m+fp/softfp\libc.a(lib_a-fputwc.o)
                0x10006b7c                __fputwc
 .text._fputwc_r
                0x10006c24       0x68 c:/maximsdk/tools/gnutools/bin/../lib/gcc/arm-none-eabi/9.2.1/../../../../arm-none-eabi/lib/thumb/v7e-m+fp/softfp\libc.a(lib_a-fputwc.o)
                0x10006c24                _fputwc_r
 .text._fstat_r
                0x10006c8c       0x2c c:/maximsdk/tools/gnutools/bin/../lib/gcc/arm-none-eabi/9.2.1/../../../../arm-none-eabi/lib/thumb/v7e-m+fp/softfp\libc.a(lib_a-fstatr.o)
                0x10006c8c                _fstat_r
 .text._isatty_r
                0x10006cb8       0x24 c:/maximsdk/tools/gnutools/bin/../lib/gcc/arm-none-eabi/9.2.1/../../../../arm-none-eabi/lib/thumb/v7e-m+fp/softfp\libc.a(lib_a-isattyr.o)
                0x10006cb8                _isatty_r
 .text.__locale_mb_cur_max
                0x10006cdc        0xc c:/maximsdk/tools/gnutools/bin/../lib/gcc/arm-none-eabi/9.2.1/../../../../arm-none-eabi/lib/thumb/v7e-m+fp/softfp\libc.a(lib_a-locale.o)
                0x10006cdc                __locale_mb_cur_max
 .text._lseek_r
                0x10006ce8       0x2c c:/maximsdk/tools/gnutools/bin/../lib/gcc/arm-none-eabi/9.2.1/../../../../arm-none-eabi/lib/thumb/v7e-m+fp/softfp\libc.a(lib_a-lseekr.o)
                0x10006ce8                _lseek_r
 .text.__ascii_mbtowc
                0x10006d14       0x2c c:/maximsdk/tools/gnutools/bin/../lib/gcc/arm-none-eabi/9.2.1/../../../../arm-none-eabi/lib/thumb/v7e-m+fp/softfp\libc.a(lib_a-mbtowc_r.o)
                0x10006d14                __ascii_mbtowc
 .text._read_r  0x10006d40       0x2c c:/maximsdk/tools/gnutools/bin/../lib/gcc/arm-none-eabi/9.2.1/../../../../arm-none-eabi/lib/thumb/v7e-m+fp/softfp\libc.a(lib_a-readr.o)
                0x10006d40                _read_r
 .text.__swbuf_r
                0x10006d6c       0xb0 c:/maximsdk/tools/gnutools/bin/../lib/gcc/arm-none-eabi/9.2.1/../../../../arm-none-eabi/lib/thumb/v7e-m+fp/softfp\libc.a(lib_a-wbuf.o)
                0x10006d6c                __swbuf_r
 .text._wcrtomb_r
                0x10006e1c       0x3c c:/maximsdk/tools/gnutools/bin/../lib/gcc/arm-none-eabi/9.2.1/../../../../arm-none-eabi/lib/thumb/v7e-m+fp/softfp\libc.a(lib_a-wcrtomb.o)
                0x10006e1c                _wcrtomb_r
 .text.__ascii_wctomb
                0x10006e58       0x1c c:/maximsdk/tools/gnutools/bin/../lib/gcc/arm-none-eabi/9.2.1/../../../../arm-none-eabi/lib/thumb/v7e-m+fp/softfp\libc.a(lib_a-wctomb_r.o)
                0x10006e58                __ascii_wctomb
 .text          0x10006e74      0x378 c:/maximsdk/tools/gnutools/bin/../lib/gcc/arm-none-eabi/9.2.1/thumb/v7e-m+fp/softfp\libgcc.a(_arm_addsubdf3.o)
                0x10006e74                __aeabi_drsub
                0x10006e7c                __aeabi_dsub
                0x10006e7c                __subdf3
                0x10006e80                __aeabi_dadd
                0x10006e80                __adddf3
                0x100070f8                __floatunsidf
                0x100070f8                __aeabi_ui2d
                0x10007118                __floatsidf
                0x10007118                __aeabi_i2d
                0x1000713c                __aeabi_f2d
                0x1000713c                __extendsfdf2
                0x10007180                __floatundidf
                0x10007180                __aeabi_ul2d
                0x10007190                __floatdidf
                0x10007190                __aeabi_l2d
 .text          0x100071ec      0x424 c:/maximsdk/tools/gnutools/bin/../lib/gcc/arm-none-eabi/9.2.1/thumb/v7e-m+fp/softfp\libgcc.a(_arm_muldivdf3.o)
                0x100071ec                __aeabi_dmul
                0x100071ec                __muldf3
                0x10007440                __divdf3
                0x10007440                __aeabi_ddiv
 .text          0x10007610      0x110 c:/maximsdk/tools/gnutools/bin/../lib/gcc/arm-none-eabi/9.2.1/thumb/v7e-m+fp/softfp\libgcc.a(_arm_cmpdf2.o)
                0x10007610                __gtdf2
                0x10007610                __gedf2
                0x10007618                __ltdf2
                0x10007618                __ledf2
                0x10007620                __nedf2
                0x10007620                __eqdf2
                0x10007620                __cmpdf2
                0x1000769c                __aeabi_cdrcmple
                0x100076ac                __aeabi_cdcmpeq
                0x100076ac                __aeabi_cdcmple
                0x100076bc                __aeabi_dcmpeq
                0x100076d0                __aeabi_dcmplt
                0x100076e4                __aeabi_dcmple
                0x100076f8                __aeabi_dcmpge
                0x1000770c                __aeabi_dcmpgt
 .text          0x10007720       0x2c c:/maximsdk/tools/gnutools/bin/../lib/gcc/arm-none-eabi/9.2.1/thumb/v7e-m+fp/softfp\libgcc.a(_arm_unorddf2.o)
                0x10007720                __unorddf2
                0x10007720                __aeabi_dcmpun
 .text          0x1000774c       0x50 c:/maximsdk/tools/gnutools/bin/../lib/gcc/arm-none-eabi/9.2.1/thumb/v7e-m+fp/softfp\libgcc.a(_arm_fixdfsi.o)
                0x1000774c                __aeabi_d2iz
                0x1000774c                __fixdfsi
 .text          0x1000779c       0x30 c:/maximsdk/tools/gnutools/bin/../lib/gcc/arm-none-eabi/9.2.1/thumb/v7e-m+fp/softfp\libgcc.a(_aeabi_uldivmod.o)
                0x1000779c                __aeabi_uldivmod
 .text          0x100077cc      0x2c4 c:/maximsdk/tools/gnutools/bin/../lib/gcc/arm-none-eabi/9.2.1/thumb/v7e-m+fp/softfp\libgcc.a(_udivmoddi4.o)
                0x100077cc                __udivmoddi4
 .text          0x10007a90        0x4 c:/maximsdk/tools/gnutools/bin/../lib/gcc/arm-none-eabi/9.2.1/thumb/v7e-m+fp/softfp\libgcc.a(_dvmd_tls.o)
                0x10007a90                __aeabi_idiv0
                0x10007a90                __aeabi_ldiv0
 *(.rodata*)
 .rodata.main.str1.1
                0x10007a94       0x83 c:/MaximSDK/Eclipse/Add_2/build/main.o
 .rodata.mxc_assert.str1.1
                0x10007b17       0x19 c:/MaximSDK/Eclipse/Add_2/build/board.o
 .rodata.Board_Init.str1.1
                0x10007b30       0x43 c:/MaximSDK/Eclipse/Add_2/build/board.o
 *fill*         0x10007b73        0x1 
 .rodata.led_pin
                0x10007b74       0x18 c:/MaximSDK/Eclipse/Add_2/build/board.o
                0x10007b74                led_pin
 .rodata.num_leds
                0x10007b8c        0x4 c:/MaximSDK/Eclipse/Add_2/build/board.o
                0x10007b8c                num_leds
 .rodata.num_pbs
                0x10007b90        0x4 c:/MaximSDK/Eclipse/Add_2/build/board.o
                0x10007b90                num_pbs
 .rodata.pb_pin
                0x10007b94       0x18 c:/MaximSDK/Eclipse/Add_2/build/board.o
                0x10007b94                pb_pin
 .rodata.LED_On.str1.1
                0x10007bac       0x4e c:/MaximSDK/Eclipse/Add_2/build/led.o
 *fill*         0x10007bfa        0x2 
 .rodata.gpio_cfg_uart0
                0x10007bfc        0xc c:/MaximSDK/Libraries/PeriphDrivers/bin/MAX78000/softfp/libPeriphDriver_softfp.a(pins_ai85.o)
                0x10007bfc                gpio_cfg_uart0
 .rodata.gpio_cfg_uart1
                0x10007c08        0xc c:/MaximSDK/Libraries/PeriphDrivers/bin/MAX78000/softfp/libPeriphDriver_softfp.a(pins_ai85.o)
                0x10007c08                gpio_cfg_uart1
 .rodata.gpio_cfg_uart2
                0x10007c14        0xc c:/MaximSDK/Libraries/PeriphDrivers/bin/MAX78000/softfp/libPeriphDriver_softfp.a(pins_ai85.o)
                0x10007c14                gpio_cfg_uart2
 .rodata.gpio_cfg_uart3
                0x10007c20        0xc c:/MaximSDK/Libraries/PeriphDrivers/bin/MAX78000/softfp/libPeriphDriver_softfp.a(pins_ai85.o)
                0x10007c20                gpio_cfg_uart3
 .rodata.MXC_GPIO_Common_Handler.str1.1
                0x10007c2c       0x62 c:/MaximSDK/Libraries/PeriphDrivers/bin/MAX78000/softfp/libPeriphDriver_softfp.a(gpio_common.o)
 *fill*         0x10007c8e        0x2 
 .rodata._global_impure_ptr
                0x10007c90        0x4 c:/maximsdk/tools/gnutools/bin/../lib/gcc/arm-none-eabi/9.2.1/../../../../arm-none-eabi/lib/thumb/v7e-m+fp/softfp\libc.a(lib_a-impure.o)
                0x10007c90                _global_impure_ptr
 .rodata._puts_r.str1.4
                0x10007c94        0x2 c:/maximsdk/tools/gnutools/bin/../lib/gcc/arm-none-eabi/9.2.1/../../../../arm-none-eabi/lib/thumb/v7e-m+fp/softfp\libc.a(lib_a-puts.o)
 *fill*         0x10007c96        0x2 
 .rodata._vfprintf_r.str1.4
                0x10007c98       0x42 c:/maximsdk/tools/gnutools/bin/../lib/gcc/arm-none-eabi/9.2.1/../../../../arm-none-eabi/lib/thumb/v7e-m+fp/softfp\libc.a(lib_a-vfprintf.o)
 *fill*         0x10007cda        0x2 
 .rodata.blanks.8723
                0x10007cdc       0x10 c:/maximsdk/tools/gnutools/bin/../lib/gcc/arm-none-eabi/9.2.1/../../../../arm-none-eabi/lib/thumb/v7e-m+fp/softfp\libc.a(lib_a-vfprintf.o)
 .rodata.zeroes.8724
                0x10007cec       0x10 c:/maximsdk/tools/gnutools/bin/../lib/gcc/arm-none-eabi/9.2.1/../../../../arm-none-eabi/lib/thumb/v7e-m+fp/softfp\libc.a(lib_a-vfprintf.o)
 .rodata._dtoa_r.str1.4
                0x10007cfc        0xd c:/maximsdk/tools/gnutools/bin/../lib/gcc/arm-none-eabi/9.2.1/../../../../arm-none-eabi/lib/thumb/v7e-m+fp/softfp\libc.a(lib_a-dtoa.o)
                                 0x12 (size before relaxing)
 *fill*         0x10007d09        0x7 
 .rodata.__mprec_bigtens
                0x10007d10       0x28 c:/maximsdk/tools/gnutools/bin/../lib/gcc/arm-none-eabi/9.2.1/../../../../arm-none-eabi/lib/thumb/v7e-m+fp/softfp\libc.a(lib_a-mprec.o)
                0x10007d10                __mprec_bigtens
 .rodata.__mprec_tens
                0x10007d38       0xc8 c:/maximsdk/tools/gnutools/bin/../lib/gcc/arm-none-eabi/9.2.1/../../../../arm-none-eabi/lib/thumb/v7e-m+fp/softfp\libc.a(lib_a-mprec.o)
                0x10007d38                __mprec_tens
 .rodata.p05.7478
                0x10007e00        0xc c:/maximsdk/tools/gnutools/bin/../lib/gcc/arm-none-eabi/9.2.1/../../../../arm-none-eabi/lib/thumb/v7e-m+fp/softfp\libc.a(lib_a-mprec.o)
 .rodata._setlocale_r.str1.4
                0x10007e0c        0xa c:/maximsdk/tools/gnutools/bin/../lib/gcc/arm-none-eabi/9.2.1/../../../../arm-none-eabi/lib/thumb/v7e-m+fp/softfp\libc.a(lib_a-locale.o)
                                  0xd (size before relaxing)
 *fill*         0x10007e16        0x2 
 .rodata.str1.4
                0x10007e18        0x2 c:/maximsdk/tools/gnutools/bin/../lib/gcc/arm-none-eabi/9.2.1/../../../../arm-none-eabi/lib/thumb/v7e-m+fp/softfp\libc.a(lib_a-locale.o)
 *fill*         0x10007e1a        0x2 
 .rodata._ctype_
                0x10007e1c      0x101 c:/maximsdk/tools/gnutools/bin/../lib/gcc/arm-none-eabi/9.2.1/../../../../arm-none-eabi/lib/thumb/v7e-m+fp/softfp\libc.a(lib_a-ctype_.o)
                0x10007e1c                _ctype_
 *(.init)
 *fill*         0x10007f1d        0x3 
 .init          0x10007f20        0x4 c:/maximsdk/tools/gnutools/bin/../lib/gcc/arm-none-eabi/9.2.1/thumb/v7e-m+fp/softfp/crti.o
                0x10007f20                _init
 .init          0x10007f24        0x8 c:/maximsdk/tools/gnutools/bin/../lib/gcc/arm-none-eabi/9.2.1/thumb/v7e-m+fp/softfp/crtn.o
 *(.fini)
 .fini          0x10007f2c        0x4 c:/maximsdk/tools/gnutools/bin/../lib/gcc/arm-none-eabi/9.2.1/thumb/v7e-m+fp/softfp/crti.o
                0x10007f2c                _fini
 .fini          0x10007f30        0x8 c:/maximsdk/tools/gnutools/bin/../lib/gcc/arm-none-eabi/9.2.1/thumb/v7e-m+fp/softfp/crtn.o
 *(.eh_frame*)
 .eh_frame      0x10007f38        0x0 c:/maximsdk/tools/gnutools/bin/../lib/gcc/arm-none-eabi/9.2.1/thumb/v7e-m+fp/softfp/crtbegin.o
 .eh_frame      0x10007f38        0x4 c:/maximsdk/tools/gnutools/bin/../lib/gcc/arm-none-eabi/9.2.1/thumb/v7e-m+fp/softfp/crtend.o
                0x10007f3c                _etext = .

.glue_7         0x10007f3c        0x0
 .glue_7        0x10007f3c        0x0 linker stubs

.glue_7t        0x10007f3c        0x0
 .glue_7t       0x10007f3c        0x0 linker stubs

.vfp11_veneer   0x10007f3c        0x0
 .vfp11_veneer  0x10007f3c        0x0 linker stubs

.v4_bx          0x10007f3c        0x0
 .v4_bx         0x10007f3c        0x0 linker stubs

.iplt           0x10007f3c        0x0
 .iplt          0x10007f3c        0x0 c:/maximsdk/tools/gnutools/bin/../lib/gcc/arm-none-eabi/9.2.1/thumb/v7e-m+fp/softfp/crtbegin.o

.bin_storage    0x10007f3c        0x0
 FILL mask 0xff
                0x10007f3c                _bin_start_ = .
 *(.bin_storage_img)
                0x10007f3c                _bin_end_ = .
                0x10007f3c                . = ALIGN (0x4)

.rom_code       0x00000000        0x0
                0x00000000                . = ALIGN (0x10)
                0x20000000                _sran_code = .
 *(.rom_code_section)
                0x20000000                _esran_code = .

.flash_code     0x10007f3c        0x4
                0x10007f40                . = ALIGN (0x10)
 *fill*         0x10007f3c        0x4 
                0x20000000                _sran_code = .
 *(.flash_code_section)
                0x20000000                _esran_code = .

.sram_code      0x20000000        0x0
                0x20000000                . = ALIGN (0x10)
                0x20000000                _sran_code = .
 *(.sram_code_section)
                0x20000000                _esran_code = .

.ARM.exidx      0x10007f40        0x8
                0x10007f40                __exidx_start = .
 *(.ARM.exidx*)
 .ARM.exidx     0x10007f40        0x8 c:/maximsdk/tools/gnutools/bin/../lib/gcc/arm-none-eabi/9.2.1/thumb/v7e-m+fp/softfp\libgcc.a(_udivmoddi4.o)
                0x10007f48                __exidx_end = .

.rel.dyn        0x10007f48        0x0
 .rel.iplt      0x10007f48        0x0 c:/maximsdk/tools/gnutools/bin/../lib/gcc/arm-none-eabi/9.2.1/thumb/v7e-m+fp/softfp/crtbegin.o

.data           0x20000000      0x9c4 load address 0x10007f48
                0x20000000                _data = ALIGN (., 0x4)
 *(.data*)
 .data.ConsoleUart
                0x20000000        0x4 c:/MaximSDK/Eclipse/Add_2/build/board.o
                0x20000000                ConsoleUart
 .data.overflows
                0x20000004        0x4 c:/MaximSDK/Libraries/PeriphDrivers/bin/MAX78000/softfp/libPeriphDriver_softfp.a(mxc_delay.o)
 .data._impure_ptr
                0x20000008        0x4 c:/maximsdk/tools/gnutools/bin/../lib/gcc/arm-none-eabi/9.2.1/../../../../arm-none-eabi/lib/thumb/v7e-m+fp/softfp\libc.a(lib_a-impure.o)
                0x20000008                _impure_ptr
 *fill*         0x2000000c        0x4 
 .data.impure_data
                0x20000010      0x428 c:/maximsdk/tools/gnutools/bin/../lib/gcc/arm-none-eabi/9.2.1/../../../../arm-none-eabi/lib/thumb/v7e-m+fp/softfp\libc.a(lib_a-impure.o)
 .data.__malloc_av_
                0x20000438      0x408 c:/maximsdk/tools/gnutools/bin/../lib/gcc/arm-none-eabi/9.2.1/../../../../arm-none-eabi/lib/thumb/v7e-m+fp/softfp\libc.a(lib_a-mallocr.o)
                0x20000438                __malloc_av_
 .data.__malloc_sbrk_base
                0x20000840        0x4 c:/maximsdk/tools/gnutools/bin/../lib/gcc/arm-none-eabi/9.2.1/../../../../arm-none-eabi/lib/thumb/v7e-m+fp/softfp\libc.a(lib_a-mallocr.o)
                0x20000840                __malloc_sbrk_base
 .data.__malloc_trim_threshold
                0x20000844        0x4 c:/maximsdk/tools/gnutools/bin/../lib/gcc/arm-none-eabi/9.2.1/../../../../arm-none-eabi/lib/thumb/v7e-m+fp/softfp\libc.a(lib_a-mallocr.o)
                0x20000844                __malloc_trim_threshold
 .data.__atexit_recursive_mutex
                0x20000848        0x4 c:/maximsdk/tools/gnutools/bin/../lib/gcc/arm-none-eabi/9.2.1/../../../../arm-none-eabi/lib/thumb/v7e-m+fp/softfp\libc.a(lib_a-__call_atexit.o)
                0x20000848                __atexit_recursive_mutex
 .data.__global_locale
                0x2000084c      0x16c c:/maximsdk/tools/gnutools/bin/../lib/gcc/arm-none-eabi/9.2.1/../../../../arm-none-eabi/lib/thumb/v7e-m+fp/softfp\libc.a(lib_a-locale.o)
                0x2000084c                __global_locale
                0x200009b8                . = ALIGN (0x4)
                0x200009b8                PROVIDE (__preinit_array_start = .)
 *(.preinit_array)
                0x200009b8                PROVIDE (__preinit_array_end = .)
                0x200009b8                . = ALIGN (0x4)
                0x200009b8                PROVIDE (__init_array_start = .)
 *(SORT_BY_NAME(.init_array.*))
 .init_array.00000
                0x200009b8        0x4 c:/maximsdk/tools/gnutools/bin/../lib/gcc/arm-none-eabi/9.2.1/../../../../arm-none-eabi/lib/thumb/v7e-m+fp/softfp\libc.a(lib_a-__call_atexit.o)
 *(.init_array)
 .init_array    0x200009bc        0x4 c:/maximsdk/tools/gnutools/bin/../lib/gcc/arm-none-eabi/9.2.1/thumb/v7e-m+fp/softfp/crtbegin.o
                0x200009c0                PROVIDE (__init_array_end = .)
                0x200009c0                . = ALIGN (0x4)
                0x200009c0                PROVIDE (__fini_array_start = .)
 *(SORT_BY_NAME(.fini_array.*))
 *(.fini_array)
 .fini_array    0x200009c0        0x4 c:/maximsdk/tools/gnutools/bin/../lib/gcc/arm-none-eabi/9.2.1/thumb/v7e-m+fp/softfp/crtbegin.o
                0x200009c4                PROVIDE (__fini_array_end = .)
                0x200009c4                _edata = ALIGN (., 0x4)
                0x10007f48                __load_data = LOADADDR (.data)

.igot.plt       0x200009c4        0x0 load address 0x1000890c
 .igot.plt      0x200009c4        0x0 c:/maximsdk/tools/gnutools/bin/../lib/gcc/arm-none-eabi/9.2.1/thumb/v7e-m+fp/softfp/crtbegin.o

.bss            0x20000a00      0x868 load address 0x1000890c
                0x20000a00                . = ALIGN (0x4)
                0x20000a00                _bss = .
 *(.bss*)
 .bss           0x20000a00       0x1c c:/maximsdk/tools/gnutools/bin/../lib/gcc/arm-none-eabi/9.2.1/thumb/v7e-m+fp/softfp/crtbegin.o
 .bss.heap_end  0x20000a1c        0x4 c:/MaximSDK/Eclipse/Add_2/build/heap.o
 .bss.cbFunc    0x20000a20        0x4 c:/MaximSDK/Libraries/PeriphDrivers/bin/MAX78000/softfp/libPeriphDriver_softfp.a(mxc_delay.o)
 .bss.ctrl_save
                0x20000a24        0x4 c:/MaximSDK/Libraries/PeriphDrivers/bin/MAX78000/softfp/libPeriphDriver_softfp.a(mxc_delay.o)
 .bss.endtick   0x20000a28        0x4 c:/MaximSDK/Libraries/PeriphDrivers/bin/MAX78000/softfp/libPeriphDriver_softfp.a(mxc_delay.o)
 *fill*         0x20000a2c      0x1d4 
 .bss.ramVectorTable
                0x20000c00      0x1e0 c:/MaximSDK/Libraries/PeriphDrivers/bin/MAX78000/softfp/libPeriphDriver_softfp.a(nvic_table.o)
 .bss.AsyncRxRequests
                0x20000de0       0x10 c:/MaximSDK/Libraries/PeriphDrivers/bin/MAX78000/softfp/libPeriphDriver_softfp.a(uart_revb.o)
 .bss.AsyncTxRequests
                0x20000df0       0x10 c:/MaximSDK/Libraries/PeriphDrivers/bin/MAX78000/softfp/libPeriphDriver_softfp.a(uart_revb.o)
 .bss.callback  0x20000e00      0x200 c:/MaximSDK/Libraries/PeriphDrivers/bin/MAX78000/softfp/libPeriphDriver_softfp.a(gpio_common.o)
 .bss.cbparam   0x20001000      0x200 c:/MaximSDK/Libraries/PeriphDrivers/bin/MAX78000/softfp/libPeriphDriver_softfp.a(gpio_common.o)
 .bss.initialized
                0x20001200        0x1 c:/MaximSDK/Libraries/PeriphDrivers/bin/MAX78000/softfp/libPeriphDriver_softfp.a(gpio_common.o)
 *fill*         0x20001201        0x3 
 .bss.__malloc_current_mallinfo
                0x20001204       0x28 c:/maximsdk/tools/gnutools/bin/../lib/gcc/arm-none-eabi/9.2.1/../../../../arm-none-eabi/lib/thumb/v7e-m+fp/softfp\libc.a(lib_a-mallocr.o)
                0x20001204                __malloc_current_mallinfo
 .bss.__malloc_max_sbrked_mem
                0x2000122c        0x4 c:/maximsdk/tools/gnutools/bin/../lib/gcc/arm-none-eabi/9.2.1/../../../../arm-none-eabi/lib/thumb/v7e-m+fp/softfp\libc.a(lib_a-mallocr.o)
                0x2000122c                __malloc_max_sbrked_mem
 .bss.__malloc_max_total_mem
                0x20001230        0x4 c:/maximsdk/tools/gnutools/bin/../lib/gcc/arm-none-eabi/9.2.1/../../../../arm-none-eabi/lib/thumb/v7e-m+fp/softfp\libc.a(lib_a-mallocr.o)
                0x20001230                __malloc_max_total_mem
 .bss.__malloc_top_pad
                0x20001234        0x4 c:/maximsdk/tools/gnutools/bin/../lib/gcc/arm-none-eabi/9.2.1/../../../../arm-none-eabi/lib/thumb/v7e-m+fp/softfp\libc.a(lib_a-mallocr.o)
                0x20001234                __malloc_top_pad
 *(COMMON)
 COMMON         0x20001238        0x8 c:/MaximSDK/Eclipse/Add_2/build/main.o
                0x20001238                READ_FLAG
                0x2000123c                DMA_FLAG
 COMMON         0x20001240       0x21 c:/maximsdk/tools/gnutools/bin/../lib/gcc/arm-none-eabi/9.2.1/../../../../arm-none-eabi/lib/thumb/v7e-m+fp/softfp\libc.a(lib_a-lock.o)
                0x20001240                __lock___atexit_recursive_mutex
                0x20001244                __lock___arc4random_mutex
                0x20001248                __lock___env_recursive_mutex
                0x2000124c                __lock___sinit_recursive_mutex
                0x20001250                __lock___malloc_recursive_mutex
                0x20001254                __lock___at_quick_exit_mutex
                0x20001258                __lock___dd_hash_mutex
                0x2000125c                __lock___tz_mutex
                0x20001260                __lock___sfp_recursive_mutex
 *fill*         0x20001261        0x3 
 COMMON         0x20001264        0x4 c:/maximsdk/tools/gnutools/bin/../lib/gcc/arm-none-eabi/9.2.1/../../../../arm-none-eabi/lib/thumb/v7e-m+fp/softfp\libc.a(lib_a-reent.o)
                0x20001264                errno
                0x20001268                _ebss = ALIGN (., 0x4)

.shared         0x20001268        0x4 load address 0x1000890c
                0x20001268                . = ALIGN (0x4)
                0x20001268                _shared = .
 *(.mailbox*)
                0x20001268                . = ALIGN (0x4)
 *(.shared*)
 .shared        0x20001268        0x4 c:/MaximSDK/Eclipse/Add_2/build/system_max78000.o
                0x20001268                SystemCoreClock
                0x2000126c                _eshared = ALIGN (., 0x4)
                0x1000890c                __shared_data = LOADADDR (.shared)
                0x20020000                __StackTop = (ORIGIN (SRAM) + LENGTH (SRAM))
                0x2001f000                __StackLimit = (__StackTop - SIZEOF (.stack_dummy))

.stack_dummy    0x20001270     0x1000 load address 0x10008910
 *(.stack*)
 .stack         0x20001270     0x1000 c:/MaximSDK/Eclipse/Add_2/build/startup_max78000.o

.heap           0x20001270      0xc00 load address 0x10008910
                0x20001270                . = ALIGN (0x4)
 *(.heap*)
 .heap          0x20001270      0xc00 c:/MaximSDK/Eclipse/Add_2/build/startup_max78000.o
                0x20001270                __HeapBase
                0x2001f000                __HeapLimit = ABSOLUTE (__StackLimit)
                0x20020000                PROVIDE (__stack = __StackTop)
                0x00000001                ASSERT ((__StackLimit >= _ebss), region RAM overflowed with stack)
OUTPUT(c:/MaximSDK/Eclipse/Add_2/build/Add_2.elf elf32-littlearm)

.ARM.attributes
                0x00000000       0x2e
 .ARM.attributes
                0x00000000       0x1e c:/maximsdk/tools/gnutools/bin/../lib/gcc/arm-none-eabi/9.2.1/thumb/v7e-m+fp/softfp/crti.o
 .ARM.attributes
                0x0000001e       0x32 c:/maximsdk/tools/gnutools/bin/../lib/gcc/arm-none-eabi/9.2.1/thumb/v7e-m+fp/softfp/crtbegin.o
 .ARM.attributes
                0x00000050       0x32 c:/MaximSDK/Eclipse/Add_2/build/main.o
 .ARM.attributes
                0x00000082       0x32 c:/MaximSDK/Eclipse/Add_2/build/board.o
 .ARM.attributes
                0x000000b4       0x32 c:/MaximSDK/Eclipse/Add_2/build/stdio.o
 .ARM.attributes
                0x000000e6       0x32 c:/MaximSDK/Eclipse/Add_2/build/led.o
 .ARM.attributes
                0x00000118       0x32 c:/MaximSDK/Eclipse/Add_2/build/pb.o
 .ARM.attributes
                0x0000014a       0x1b c:/MaximSDK/Eclipse/Add_2/build/startup_max78000.o
 .ARM.attributes
                0x00000165       0x32 c:/MaximSDK/Eclipse/Add_2/build/heap.o
 .ARM.attributes
                0x00000197       0x32 c:/MaximSDK/Eclipse/Add_2/build/system_max78000.o
 .ARM.attributes
                0x000001c9       0x37 c:/MaximSDK/Libraries/PeriphDrivers/bin/MAX78000/softfp/libPeriphDriver_softfp.a(mxc_delay.o)
 .ARM.attributes
                0x00000200       0x37 c:/MaximSDK/Libraries/PeriphDrivers/bin/MAX78000/softfp/libPeriphDriver_softfp.a(pins_ai85.o)
 .ARM.attributes
                0x00000237       0x37 c:/MaximSDK/Libraries/PeriphDrivers/bin/MAX78000/softfp/libPeriphDriver_softfp.a(sys_ai85.o)
 .ARM.attributes
                0x0000026e       0x37 c:/MaximSDK/Libraries/PeriphDrivers/bin/MAX78000/softfp/libPeriphDriver_softfp.a(nvic_table.o)
 .ARM.attributes
                0x000002a5       0x37 c:/MaximSDK/Libraries/PeriphDrivers/bin/MAX78000/softfp/libPeriphDriver_softfp.a(gpio_ai85.o)
 .ARM.attributes
                0x000002dc       0x37 c:/MaximSDK/Libraries/PeriphDrivers/bin/MAX78000/softfp/libPeriphDriver_softfp.a(gpio_reva.o)
 .ARM.attributes
                0x00000313       0x37 c:/MaximSDK/Libraries/PeriphDrivers/bin/MAX78000/softfp/libPeriphDriver_softfp.a(icc_me17.o)
 .ARM.attributes
                0x0000034a       0x37 c:/MaximSDK/Libraries/PeriphDrivers/bin/MAX78000/softfp/libPeriphDriver_softfp.a(icc_reva.o)
 .ARM.attributes
                0x00000381       0x37 c:/MaximSDK/Libraries/PeriphDrivers/bin/MAX78000/softfp/libPeriphDriver_softfp.a(uart_ai85.o)
 .ARM.attributes
                0x000003b8       0x37 c:/MaximSDK/Libraries/PeriphDrivers/bin/MAX78000/softfp/libPeriphDriver_softfp.a(uart_common.o)
 .ARM.attributes
                0x000003ef       0x37 c:/MaximSDK/Libraries/PeriphDrivers/bin/MAX78000/softfp/libPeriphDriver_softfp.a(uart_revb.o)
 .ARM.attributes
                0x00000426       0x37 c:/MaximSDK/Libraries/PeriphDrivers/bin/MAX78000/softfp/libPeriphDriver_softfp.a(gpio_common.o)
 .ARM.attributes
                0x0000045d       0x32 c:/maximsdk/tools/gnutools/bin/../lib/gcc/arm-none-eabi/9.2.1/../../../../arm-none-eabi/lib/thumb/v7e-m+fp/softfp\libc.a(lib_a-errno.o)
 .ARM.attributes
                0x0000048f       0x30 c:/maximsdk/tools/gnutools/bin/../lib/gcc/arm-none-eabi/9.2.1/../../../../arm-none-eabi/lib/thumb/v7e-m+fp/softfp\libc.a(lib_a-impure.o)
 .ARM.attributes
                0x000004bf       0x32 c:/maximsdk/tools/gnutools/bin/../lib/gcc/arm-none-eabi/9.2.1/../../../../arm-none-eabi/lib/thumb/v7e-m+fp/softfp\libc.a(lib_a-init.o)
 .ARM.attributes
                0x000004f1       0x32 c:/maximsdk/tools/gnutools/bin/../lib/gcc/arm-none-eabi/9.2.1/../../../../arm-none-eabi/lib/thumb/v7e-m+fp/softfp\libc.a(lib_a-mallocr.o)
 .ARM.attributes
                0x00000523       0x1c c:/maximsdk/tools/gnutools/bin/../lib/gcc/arm-none-eabi/9.2.1/../../../../arm-none-eabi/lib/thumb/v7e-m+fp/softfp\libc.a(lib_a-memcpy.o)
 .ARM.attributes
                0x0000053f       0x32 c:/maximsdk/tools/gnutools/bin/../lib/gcc/arm-none-eabi/9.2.1/../../../../arm-none-eabi/lib/thumb/v7e-m+fp/softfp\libc.a(lib_a-memset.o)
 .ARM.attributes
                0x00000571       0x32 c:/maximsdk/tools/gnutools/bin/../lib/gcc/arm-none-eabi/9.2.1/../../../../arm-none-eabi/lib/thumb/v7e-m+fp/softfp\libc.a(lib_a-mlock.o)
 .ARM.attributes
                0x000005a3       0x32 c:/maximsdk/tools/gnutools/bin/../lib/gcc/arm-none-eabi/9.2.1/../../../../arm-none-eabi/lib/thumb/v7e-m+fp/softfp\libc.a(lib_a-printf.o)
 .ARM.attributes
                0x000005d5       0x32 c:/maximsdk/tools/gnutools/bin/../lib/gcc/arm-none-eabi/9.2.1/../../../../arm-none-eabi/lib/thumb/v7e-m+fp/softfp\libc.a(lib_a-puts.o)
 .ARM.attributes
                0x00000607       0x32 c:/maximsdk/tools/gnutools/bin/../lib/gcc/arm-none-eabi/9.2.1/../../../../arm-none-eabi/lib/thumb/v7e-m+fp/softfp\libc.a(lib_a-sbrkr.o)
 .ARM.attributes
                0x00000639       0x1c c:/maximsdk/tools/gnutools/bin/../lib/gcc/arm-none-eabi/9.2.1/../../../../arm-none-eabi/lib/thumb/v7e-m+fp/softfp\libc.a(lib_a-strlen.o)
 .ARM.attributes
                0x00000655       0x32 c:/maximsdk/tools/gnutools/bin/../lib/gcc/arm-none-eabi/9.2.1/../../../../arm-none-eabi/lib/thumb/v7e-m+fp/softfp\libc.a(lib_a-vfprintf.o)
 .ARM.attributes
                0x00000687       0x32 c:/maximsdk/tools/gnutools/bin/../lib/gcc/arm-none-eabi/9.2.1/../../../../arm-none-eabi/lib/thumb/v7e-m+fp/softfp\libc.a(lib_a-wsetup.o)
 .ARM.attributes
                0x000006b9       0x32 c:/maximsdk/tools/gnutools/bin/../lib/gcc/arm-none-eabi/9.2.1/../../../../arm-none-eabi/lib/thumb/v7e-m+fp/softfp\libc.a(lib_a-__call_atexit.o)
 .ARM.attributes
                0x000006eb       0x32 c:/maximsdk/tools/gnutools/bin/../lib/gcc/arm-none-eabi/9.2.1/../../../../arm-none-eabi/lib/thumb/v7e-m+fp/softfp\libc.a(lib_a-atexit.o)
 .ARM.attributes
                0x0000071d       0x32 c:/maximsdk/tools/gnutools/bin/../lib/gcc/arm-none-eabi/9.2.1/../../../../arm-none-eabi/lib/thumb/v7e-m+fp/softfp\libc.a(lib_a-dtoa.o)
 .ARM.attributes
                0x0000074f       0x32 c:/maximsdk/tools/gnutools/bin/../lib/gcc/arm-none-eabi/9.2.1/../../../../arm-none-eabi/lib/thumb/v7e-m+fp/softfp\libc.a(lib_a-fflush.o)
 .ARM.attributes
                0x00000781       0x32 c:/maximsdk/tools/gnutools/bin/../lib/gcc/arm-none-eabi/9.2.1/../../../../arm-none-eabi/lib/thumb/v7e-m+fp/softfp\libc.a(lib_a-findfp.o)
 .ARM.attributes
                0x000007b3       0x32 c:/maximsdk/tools/gnutools/bin/../lib/gcc/arm-none-eabi/9.2.1/../../../../arm-none-eabi/lib/thumb/v7e-m+fp/softfp\libc.a(lib_a-fini.o)
 .ARM.attributes
                0x000007e5       0x32 c:/maximsdk/tools/gnutools/bin/../lib/gcc/arm-none-eabi/9.2.1/../../../../arm-none-eabi/lib/thumb/v7e-m+fp/softfp\libc.a(lib_a-freer.o)
 .ARM.attributes
                0x00000817       0x32 c:/maximsdk/tools/gnutools/bin/../lib/gcc/arm-none-eabi/9.2.1/../../../../arm-none-eabi/lib/thumb/v7e-m+fp/softfp\libc.a(lib_a-fvwrite.o)
 .ARM.attributes
                0x00000849       0x32 c:/maximsdk/tools/gnutools/bin/../lib/gcc/arm-none-eabi/9.2.1/../../../../arm-none-eabi/lib/thumb/v7e-m+fp/softfp\libc.a(lib_a-fwalk.o)
 .ARM.attributes
                0x0000087b       0x32 c:/maximsdk/tools/gnutools/bin/../lib/gcc/arm-none-eabi/9.2.1/../../../../arm-none-eabi/lib/thumb/v7e-m+fp/softfp\libc.a(lib_a-localeconv.o)
 .ARM.attributes
                0x000008ad       0x32 c:/maximsdk/tools/gnutools/bin/../lib/gcc/arm-none-eabi/9.2.1/../../../../arm-none-eabi/lib/thumb/v7e-m+fp/softfp\libc.a(lib_a-lock.o)
 .ARM.attributes
                0x000008df       0x32 c:/maximsdk/tools/gnutools/bin/../lib/gcc/arm-none-eabi/9.2.1/../../../../arm-none-eabi/lib/thumb/v7e-m+fp/softfp\libc.a(lib_a-makebuf.o)
 .ARM.attributes
                0x00000911       0x1c c:/maximsdk/tools/gnutools/bin/../lib/gcc/arm-none-eabi/9.2.1/../../../../arm-none-eabi/lib/thumb/v7e-m+fp/softfp\libc.a(lib_a-memchr.o)
 .ARM.attributes
                0x0000092d       0x32 c:/maximsdk/tools/gnutools/bin/../lib/gcc/arm-none-eabi/9.2.1/../../../../arm-none-eabi/lib/thumb/v7e-m+fp/softfp\libc.a(lib_a-memmove.o)
 .ARM.attributes
                0x0000095f       0x32 c:/maximsdk/tools/gnutools/bin/../lib/gcc/arm-none-eabi/9.2.1/../../../../arm-none-eabi/lib/thumb/v7e-m+fp/softfp\libc.a(lib_a-mprec.o)
 .ARM.attributes
                0x00000991       0x32 c:/maximsdk/tools/gnutools/bin/../lib/gcc/arm-none-eabi/9.2.1/../../../../arm-none-eabi/lib/thumb/v7e-m+fp/softfp\libc.a(lib_a-reallocr.o)
 .ARM.attributes
                0x000009c3       0x32 c:/maximsdk/tools/gnutools/bin/../lib/gcc/arm-none-eabi/9.2.1/../../../../arm-none-eabi/lib/thumb/v7e-m+fp/softfp\libc.a(lib_a-reent.o)
 .ARM.attributes
                0x000009f5       0x32 c:/maximsdk/tools/gnutools/bin/../lib/gcc/arm-none-eabi/9.2.1/../../../../arm-none-eabi/lib/thumb/v7e-m+fp/softfp\libc.a(lib_a-s_frexp.o)
 .ARM.attributes
                0x00000a27       0x32 c:/maximsdk/tools/gnutools/bin/../lib/gcc/arm-none-eabi/9.2.1/../../../../arm-none-eabi/lib/thumb/v7e-m+fp/softfp\libc.a(lib_a-stdio.o)
 .ARM.attributes
                0x00000a59       0x32 c:/maximsdk/tools/gnutools/bin/../lib/gcc/arm-none-eabi/9.2.1/../../../../arm-none-eabi/lib/thumb/v7e-m+fp/softfp\libc.a(lib_a-strncpy.o)
 .ARM.attributes
                0x00000a8b       0x32 c:/maximsdk/tools/gnutools/bin/../lib/gcc/arm-none-eabi/9.2.1/../../../../arm-none-eabi/lib/thumb/v7e-m+fp/softfp\libc.a(lib_a-vfiprintf.o)
 .ARM.attributes
                0x00000abd       0x32 c:/maximsdk/tools/gnutools/bin/../lib/gcc/arm-none-eabi/9.2.1/../../../../arm-none-eabi/lib/thumb/v7e-m+fp/softfp\libc.a(lib_a-writer.o)
 .ARM.attributes
                0x00000aef       0x32 c:/maximsdk/tools/gnutools/bin/../lib/gcc/arm-none-eabi/9.2.1/../../../../arm-none-eabi/lib/thumb/v7e-m+fp/softfp\libc.a(lib_a-__atexit.o)
 .ARM.attributes
                0x00000b21       0x32 c:/maximsdk/tools/gnutools/bin/../lib/gcc/arm-none-eabi/9.2.1/../../../../arm-none-eabi/lib/thumb/v7e-m+fp/softfp\libc.a(lib_a-callocr.o)
 .ARM.attributes
                0x00000b53       0x32 c:/maximsdk/tools/gnutools/bin/../lib/gcc/arm-none-eabi/9.2.1/../../../../arm-none-eabi/lib/thumb/v7e-m+fp/softfp\libc.a(lib_a-closer.o)
 .ARM.attributes
                0x00000b85       0x32 c:/maximsdk/tools/gnutools/bin/../lib/gcc/arm-none-eabi/9.2.1/../../../../arm-none-eabi/lib/thumb/v7e-m+fp/softfp\libc.a(lib_a-fclose.o)
 .ARM.attributes
                0x00000bb7       0x32 c:/maximsdk/tools/gnutools/bin/../lib/gcc/arm-none-eabi/9.2.1/../../../../arm-none-eabi/lib/thumb/v7e-m+fp/softfp\libc.a(lib_a-fputwc.o)
 .ARM.attributes
                0x00000be9       0x32 c:/maximsdk/tools/gnutools/bin/../lib/gcc/arm-none-eabi/9.2.1/../../../../arm-none-eabi/lib/thumb/v7e-m+fp/softfp\libc.a(lib_a-fstatr.o)
 .ARM.attributes
                0x00000c1b       0x32 c:/maximsdk/tools/gnutools/bin/../lib/gcc/arm-none-eabi/9.2.1/../../../../arm-none-eabi/lib/thumb/v7e-m+fp/softfp\libc.a(lib_a-isattyr.o)
 .ARM.attributes
                0x00000c4d       0x32 c:/maximsdk/tools/gnutools/bin/../lib/gcc/arm-none-eabi/9.2.1/../../../../arm-none-eabi/lib/thumb/v7e-m+fp/softfp\libc.a(lib_a-locale.o)
 .ARM.attributes
                0x00000c7f       0x32 c:/maximsdk/tools/gnutools/bin/../lib/gcc/arm-none-eabi/9.2.1/../../../../arm-none-eabi/lib/thumb/v7e-m+fp/softfp\libc.a(lib_a-lseekr.o)
 .ARM.attributes
                0x00000cb1       0x32 c:/maximsdk/tools/gnutools/bin/../lib/gcc/arm-none-eabi/9.2.1/../../../../arm-none-eabi/lib/thumb/v7e-m+fp/softfp\libc.a(lib_a-mbtowc_r.o)
 .ARM.attributes
                0x00000ce3       0x32 c:/maximsdk/tools/gnutools/bin/../lib/gcc/arm-none-eabi/9.2.1/../../../../arm-none-eabi/lib/thumb/v7e-m+fp/softfp\libc.a(lib_a-readr.o)
 .ARM.attributes
                0x00000d15       0x32 c:/maximsdk/tools/gnutools/bin/../lib/gcc/arm-none-eabi/9.2.1/../../../../arm-none-eabi/lib/thumb/v7e-m+fp/softfp\libc.a(lib_a-wbuf.o)
 .ARM.attributes
                0x00000d47       0x32 c:/maximsdk/tools/gnutools/bin/../lib/gcc/arm-none-eabi/9.2.1/../../../../arm-none-eabi/lib/thumb/v7e-m+fp/softfp\libc.a(lib_a-wcrtomb.o)
 .ARM.attributes
                0x00000d79       0x32 c:/maximsdk/tools/gnutools/bin/../lib/gcc/arm-none-eabi/9.2.1/../../../../arm-none-eabi/lib/thumb/v7e-m+fp/softfp\libc.a(lib_a-wctomb_r.o)
 .ARM.attributes
                0x00000dab       0x30 c:/maximsdk/tools/gnutools/bin/../lib/gcc/arm-none-eabi/9.2.1/../../../../arm-none-eabi/lib/thumb/v7e-m+fp/softfp\libc.a(lib_a-ctype_.o)
 .ARM.attributes
                0x00000ddb       0x1e c:/maximsdk/tools/gnutools/bin/../lib/gcc/arm-none-eabi/9.2.1/thumb/v7e-m+fp/softfp\libgcc.a(_arm_addsubdf3.o)
 .ARM.attributes
                0x00000df9       0x1e c:/maximsdk/tools/gnutools/bin/../lib/gcc/arm-none-eabi/9.2.1/thumb/v7e-m+fp/softfp\libgcc.a(_arm_muldivdf3.o)
 .ARM.attributes
                0x00000e17       0x1e c:/maximsdk/tools/gnutools/bin/../lib/gcc/arm-none-eabi/9.2.1/thumb/v7e-m+fp/softfp\libgcc.a(_arm_cmpdf2.o)
 .ARM.attributes
                0x00000e35       0x1e c:/maximsdk/tools/gnutools/bin/../lib/gcc/arm-none-eabi/9.2.1/thumb/v7e-m+fp/softfp\libgcc.a(_arm_unorddf2.o)
 .ARM.attributes
                0x00000e53       0x1e c:/maximsdk/tools/gnutools/bin/../lib/gcc/arm-none-eabi/9.2.1/thumb/v7e-m+fp/softfp\libgcc.a(_arm_fixdfsi.o)
 .ARM.attributes
                0x00000e71       0x1e c:/maximsdk/tools/gnutools/bin/../lib/gcc/arm-none-eabi/9.2.1/thumb/v7e-m+fp/softfp\libgcc.a(_aeabi_uldivmod.o)
 .ARM.attributes
                0x00000e8f       0x32 c:/maximsdk/tools/gnutools/bin/../lib/gcc/arm-none-eabi/9.2.1/thumb/v7e-m+fp/softfp\libgcc.a(_udivmoddi4.o)
 .ARM.attributes
                0x00000ec1       0x1e c:/maximsdk/tools/gnutools/bin/../lib/gcc/arm-none-eabi/9.2.1/thumb/v7e-m+fp/softfp\libgcc.a(_dvmd_tls.o)
 .ARM.attributes
                0x00000edf       0x30 c:/maximsdk/tools/gnutools/bin/../lib/gcc/arm-none-eabi/9.2.1/thumb/v7e-m+fp/softfp/crtend.o
 .ARM.attributes
                0x00000f0f       0x1e c:/maximsdk/tools/gnutools/bin/../lib/gcc/arm-none-eabi/9.2.1/thumb/v7e-m+fp/softfp/crtn.o

.comment        0x00000000       0xf8
 .comment       0x00000000       0x79 c:/MaximSDK/Eclipse/Add_2/build/main.o
                                 0x7a (size before relaxing)
 .comment       0x00000079       0x7a c:/MaximSDK/Eclipse/Add_2/build/board.o
 .comment       0x00000079       0x7a c:/MaximSDK/Eclipse/Add_2/build/stdio.o
 .comment       0x00000079       0x7a c:/MaximSDK/Eclipse/Add_2/build/led.o
 .comment       0x00000079       0x7a c:/MaximSDK/Eclipse/Add_2/build/pb.o
 .comment       0x00000079       0x7a c:/MaximSDK/Eclipse/Add_2/build/heap.o
 .comment       0x00000079       0x7a c:/MaximSDK/Eclipse/Add_2/build/system_max78000.o
 .comment       0x00000079       0x7f c:/MaximSDK/Libraries/PeriphDrivers/bin/MAX78000/softfp/libPeriphDriver_softfp.a(mxc_delay.o)
                                 0x80 (size before relaxing)
 .comment       0x000000f8       0x80 c:/MaximSDK/Libraries/PeriphDrivers/bin/MAX78000/softfp/libPeriphDriver_softfp.a(pins_ai85.o)
 .comment       0x000000f8       0x80 c:/MaximSDK/Libraries/PeriphDrivers/bin/MAX78000/softfp/libPeriphDriver_softfp.a(sys_ai85.o)
 .comment       0x000000f8       0x80 c:/MaximSDK/Libraries/PeriphDrivers/bin/MAX78000/softfp/libPeriphDriver_softfp.a(nvic_table.o)
 .comment       0x000000f8       0x80 c:/MaximSDK/Libraries/PeriphDrivers/bin/MAX78000/softfp/libPeriphDriver_softfp.a(gpio_ai85.o)
 .comment       0x000000f8       0x80 c:/MaximSDK/Libraries/PeriphDrivers/bin/MAX78000/softfp/libPeriphDriver_softfp.a(gpio_reva.o)
 .comment       0x000000f8       0x80 c:/MaximSDK/Libraries/PeriphDrivers/bin/MAX78000/softfp/libPeriphDriver_softfp.a(icc_me17.o)
 .comment       0x000000f8       0x80 c:/MaximSDK/Libraries/PeriphDrivers/bin/MAX78000/softfp/libPeriphDriver_softfp.a(icc_reva.o)
 .comment       0x000000f8       0x80 c:/MaximSDK/Libraries/PeriphDrivers/bin/MAX78000/softfp/libPeriphDriver_softfp.a(uart_ai85.o)
 .comment       0x000000f8       0x80 c:/MaximSDK/Libraries/PeriphDrivers/bin/MAX78000/softfp/libPeriphDriver_softfp.a(uart_common.o)
 .comment       0x000000f8       0x80 c:/MaximSDK/Libraries/PeriphDrivers/bin/MAX78000/softfp/libPeriphDriver_softfp.a(uart_revb.o)
 .comment       0x000000f8       0x80 c:/MaximSDK/Libraries/PeriphDrivers/bin/MAX78000/softfp/libPeriphDriver_softfp.a(gpio_common.o)

.debug_info     0x00000000    0x14697
 .debug_info    0x00000000     0x1949 c:/MaximSDK/Eclipse/Add_2/build/main.o
 .debug_info    0x00001949     0x152d c:/MaximSDK/Eclipse/Add_2/build/board.o
 .debug_info    0x00002e76     0x1541 c:/MaximSDK/Eclipse/Add_2/build/stdio.o
 .debug_info    0x000043b7     0x112b c:/MaximSDK/Eclipse/Add_2/build/led.o
 .debug_info    0x000054e2      0xf12 c:/MaximSDK/Eclipse/Add_2/build/pb.o
 .debug_info    0x000063f4      0xa22 c:/MaximSDK/Eclipse/Add_2/build/heap.o
 .debug_info    0x00006e16     0x147f c:/MaximSDK/Eclipse/Add_2/build/system_max78000.o
 .debug_info    0x00008295      0x885 c:/MaximSDK/Libraries/PeriphDrivers/bin/MAX78000/softfp/libPeriphDriver_softfp.a(mxc_delay.o)
 .debug_info    0x00008b1a      0x89f c:/MaximSDK/Libraries/PeriphDrivers/bin/MAX78000/softfp/libPeriphDriver_softfp.a(pins_ai85.o)
 .debug_info    0x000093b9     0x1828 c:/MaximSDK/Libraries/PeriphDrivers/bin/MAX78000/softfp/libPeriphDriver_softfp.a(sys_ai85.o)
 .debug_info    0x0000abe1     0x1528 c:/MaximSDK/Libraries/PeriphDrivers/bin/MAX78000/softfp/libPeriphDriver_softfp.a(nvic_table.o)
 .debug_info    0x0000c109     0x11a5 c:/MaximSDK/Libraries/PeriphDrivers/bin/MAX78000/softfp/libPeriphDriver_softfp.a(gpio_ai85.o)
 .debug_info    0x0000d2ae      0xb2a c:/MaximSDK/Libraries/PeriphDrivers/bin/MAX78000/softfp/libPeriphDriver_softfp.a(gpio_reva.o)
 .debug_info    0x0000ddd8      0x8ca c:/MaximSDK/Libraries/PeriphDrivers/bin/MAX78000/softfp/libPeriphDriver_softfp.a(icc_me17.o)
 .debug_info    0x0000e6a2      0x7c0 c:/MaximSDK/Libraries/PeriphDrivers/bin/MAX78000/softfp/libPeriphDriver_softfp.a(icc_reva.o)
 .debug_info    0x0000ee62     0x1da4 c:/MaximSDK/Libraries/PeriphDrivers/bin/MAX78000/softfp/libPeriphDriver_softfp.a(uart_ai85.o)
 .debug_info    0x00010c06      0x7eb c:/MaximSDK/Libraries/PeriphDrivers/bin/MAX78000/softfp/libPeriphDriver_softfp.a(uart_common.o)
 .debug_info    0x000113f1     0x2a75 c:/MaximSDK/Libraries/PeriphDrivers/bin/MAX78000/softfp/libPeriphDriver_softfp.a(uart_revb.o)
 .debug_info    0x00013e66      0x831 c:/MaximSDK/Libraries/PeriphDrivers/bin/MAX78000/softfp/libPeriphDriver_softfp.a(gpio_common.o)

.debug_abbrev   0x00000000     0x2e49
 .debug_abbrev  0x00000000      0x3bc c:/MaximSDK/Eclipse/Add_2/build/main.o
 .debug_abbrev  0x000003bc      0x33d c:/MaximSDK/Eclipse/Add_2/build/board.o
 .debug_abbrev  0x000006f9      0x2ff c:/MaximSDK/Eclipse/Add_2/build/stdio.o
 .debug_abbrev  0x000009f8      0x2ae c:/MaximSDK/Eclipse/Add_2/build/led.o
 .debug_abbrev  0x00000ca6      0x298 c:/MaximSDK/Eclipse/Add_2/build/pb.o
 .debug_abbrev  0x00000f3e      0x232 c:/MaximSDK/Eclipse/Add_2/build/heap.o
 .debug_abbrev  0x00001170      0x305 c:/MaximSDK/Eclipse/Add_2/build/system_max78000.o
 .debug_abbrev  0x00001475      0x203 c:/MaximSDK/Libraries/PeriphDrivers/bin/MAX78000/softfp/libPeriphDriver_softfp.a(mxc_delay.o)
 .debug_abbrev  0x00001678       0xd3 c:/MaximSDK/Libraries/PeriphDrivers/bin/MAX78000/softfp/libPeriphDriver_softfp.a(pins_ai85.o)
 .debug_abbrev  0x0000174b      0x360 c:/MaximSDK/Libraries/PeriphDrivers/bin/MAX78000/softfp/libPeriphDriver_softfp.a(sys_ai85.o)
 .debug_abbrev  0x00001aab      0x2d0 c:/MaximSDK/Libraries/PeriphDrivers/bin/MAX78000/softfp/libPeriphDriver_softfp.a(nvic_table.o)
 .debug_abbrev  0x00001d7b      0x251 c:/MaximSDK/Libraries/PeriphDrivers/bin/MAX78000/softfp/libPeriphDriver_softfp.a(gpio_ai85.o)
 .debug_abbrev  0x00001fcc      0x156 c:/MaximSDK/Libraries/PeriphDrivers/bin/MAX78000/softfp/libPeriphDriver_softfp.a(gpio_reva.o)
 .debug_abbrev  0x00002122      0x1c5 c:/MaximSDK/Libraries/PeriphDrivers/bin/MAX78000/softfp/libPeriphDriver_softfp.a(icc_me17.o)
 .debug_abbrev  0x000022e7      0x18a c:/MaximSDK/Libraries/PeriphDrivers/bin/MAX78000/softfp/libPeriphDriver_softfp.a(icc_reva.o)
 .debug_abbrev  0x00002471      0x2cf c:/MaximSDK/Libraries/PeriphDrivers/bin/MAX78000/softfp/libPeriphDriver_softfp.a(uart_ai85.o)
 .debug_abbrev  0x00002740      0x12d c:/MaximSDK/Libraries/PeriphDrivers/bin/MAX78000/softfp/libPeriphDriver_softfp.a(uart_common.o)
 .debug_abbrev  0x0000286d      0x3f5 c:/MaximSDK/Libraries/PeriphDrivers/bin/MAX78000/softfp/libPeriphDriver_softfp.a(uart_revb.o)
 .debug_abbrev  0x00002c62      0x1e7 c:/MaximSDK/Libraries/PeriphDrivers/bin/MAX78000/softfp/libPeriphDriver_softfp.a(gpio_common.o)

.debug_loc      0x00000000     0x3a53
 .debug_loc     0x00000000      0x131 c:/MaximSDK/Eclipse/Add_2/build/main.o
 .debug_loc     0x00000131       0xdd c:/MaximSDK/Eclipse/Add_2/build/board.o
 .debug_loc     0x0000020e      0x324 c:/MaximSDK/Eclipse/Add_2/build/stdio.o
 .debug_loc     0x00000532       0xdc c:/MaximSDK/Eclipse/Add_2/build/led.o
 .debug_loc     0x0000060e      0x184 c:/MaximSDK/Eclipse/Add_2/build/pb.o
 .debug_loc     0x00000792       0x54 c:/MaximSDK/Eclipse/Add_2/build/heap.o
 .debug_loc     0x000007e6       0x79 c:/MaximSDK/Eclipse/Add_2/build/system_max78000.o
 .debug_loc     0x0000085f      0x155 c:/MaximSDK/Libraries/PeriphDrivers/bin/MAX78000/softfp/libPeriphDriver_softfp.a(mxc_delay.o)
 .debug_loc     0x000009b4      0x386 c:/MaximSDK/Libraries/PeriphDrivers/bin/MAX78000/softfp/libPeriphDriver_softfp.a(sys_ai85.o)
 .debug_loc     0x00000d3a       0x81 c:/MaximSDK/Libraries/PeriphDrivers/bin/MAX78000/softfp/libPeriphDriver_softfp.a(nvic_table.o)
 .debug_loc     0x00000dbb      0x6ca c:/MaximSDK/Libraries/PeriphDrivers/bin/MAX78000/softfp/libPeriphDriver_softfp.a(gpio_ai85.o)
 .debug_loc     0x00001485      0x241 c:/MaximSDK/Libraries/PeriphDrivers/bin/MAX78000/softfp/libPeriphDriver_softfp.a(gpio_reva.o)
 .debug_loc     0x000016c6      0x105 c:/MaximSDK/Libraries/PeriphDrivers/bin/MAX78000/softfp/libPeriphDriver_softfp.a(icc_me17.o)
 .debug_loc     0x000017cb       0xab c:/MaximSDK/Libraries/PeriphDrivers/bin/MAX78000/softfp/libPeriphDriver_softfp.a(icc_reva.o)
 .debug_loc     0x00001876      0xe14 c:/MaximSDK/Libraries/PeriphDrivers/bin/MAX78000/softfp/libPeriphDriver_softfp.a(uart_ai85.o)
 .debug_loc     0x0000268a       0x8f c:/MaximSDK/Libraries/PeriphDrivers/bin/MAX78000/softfp/libPeriphDriver_softfp.a(uart_common.o)
 .debug_loc     0x00002719     0x1230 c:/MaximSDK/Libraries/PeriphDrivers/bin/MAX78000/softfp/libPeriphDriver_softfp.a(uart_revb.o)
 .debug_loc     0x00003949      0x10a c:/MaximSDK/Libraries/PeriphDrivers/bin/MAX78000/softfp/libPeriphDriver_softfp.a(gpio_common.o)

.debug_aranges  0x00000000      0x798
 .debug_aranges
                0x00000000       0x38 c:/MaximSDK/Eclipse/Add_2/build/main.o
 .debug_aranges